../TITML-IDN/praat/male/m01-001.mfc
../TITML-IDN/praat/male/m01-002.mfc
../TITML-IDN/praat/male/m01-003.mfc
../TITML-IDN/praat/male/m01-004.mfc
../TITML-IDN/praat/male/m01-005.mfc
../TITML-IDN/praat/male/m01-006.mfc
../TITML-IDN/praat/male/m01-007.mfc
../TITML-IDN/praat/male/m01-008.mfc
../TITML-IDN/praat/male/m01-009.mfc
../TITML-IDN/praat/male/m01-010.mfc
../TITML-IDN/praat/male/m01-011.mfc
../TITML-IDN/praat/male/m01-012.mfc
../TITML-IDN/praat/male/m01-013.mfc
../TITML-IDN/praat/male/m01-014.mfc
../TITML-IDN/praat/male/m01-015.mfc
../TITML-IDN/praat/male/m01-016.mfc
../TITML-IDN/praat/male/m01-017.mfc
../TITML-IDN/praat/male/m01-018.mfc
../TITML-IDN/praat/male/m01-019.mfc
../TITML-IDN/praat/male/m01-020.mfc
../TITML-IDN/praat/male/m01-021.mfc
../TITML-IDN/praat/male/m01-022.mfc
../TITML-IDN/praat/male/m01-023.mfc
../TITML-IDN/praat/male/m01-024.mfc
../TITML-IDN/praat/male/m01-025.mfc
../TITML-IDN/praat/male/m01-026.mfc
../TITML-IDN/praat/male/m01-027.mfc
../TITML-IDN/praat/male/m01-028.mfc
../TITML-IDN/praat/male/m01-029.mfc
../TITML-IDN/praat/male/m01-030.mfc
../TITML-IDN/praat/male/m01-031.mfc
../TITML-IDN/praat/male/m01-032.mfc
../TITML-IDN/praat/male/m01-033.mfc
../TITML-IDN/praat/male/m01-034.mfc
../TITML-IDN/praat/male/m01-035.mfc
../TITML-IDN/praat/male/m01-036.mfc
../TITML-IDN/praat/male/m01-037.mfc
../TITML-IDN/praat/male/m01-038.mfc
../TITML-IDN/praat/male/m01-039.mfc
../TITML-IDN/praat/male/m01-040.mfc
../TITML-IDN/praat/male/m01-041.mfc
../TITML-IDN/praat/male/m01-042.mfc
../TITML-IDN/praat/male/m01-043.mfc
../TITML-IDN/praat/male/m01-044.mfc
../TITML-IDN/praat/male/m01-045.mfc
../TITML-IDN/praat/male/m01-046.mfc
../TITML-IDN/praat/male/m01-047.mfc
../TITML-IDN/praat/male/m01-048.mfc
../TITML-IDN/praat/male/m01-049.mfc
../TITML-IDN/praat/male/m01-050.mfc
../TITML-IDN/praat/male/m01-051.mfc
../TITML-IDN/praat/male/m01-052.mfc
../TITML-IDN/praat/male/m01-053.mfc
../TITML-IDN/praat/male/m01-054.mfc
../TITML-IDN/praat/male/m01-055.mfc
../TITML-IDN/praat/male/m01-056.mfc
../TITML-IDN/praat/male/m01-057.mfc
../TITML-IDN/praat/male/m01-058.mfc
../TITML-IDN/praat/male/m01-059.mfc
../TITML-IDN/praat/male/m01-060.mfc
../TITML-IDN/praat/male/m01-061.mfc
../TITML-IDN/praat/male/m01-062.mfc
../TITML-IDN/praat/male/m01-063.mfc
../TITML-IDN/praat/male/m01-064.mfc
../TITML-IDN/praat/male/m01-065.mfc
../TITML-IDN/praat/male/m01-066.mfc
../TITML-IDN/praat/male/m01-067.mfc
../TITML-IDN/praat/male/m01-068.mfc
../TITML-IDN/praat/male/m01-069.mfc
../TITML-IDN/praat/male/m01-070.mfc
../TITML-IDN/praat/male/m01-071.mfc
../TITML-IDN/praat/male/m01-072.mfc
../TITML-IDN/praat/male/m01-073.mfc
../TITML-IDN/praat/male/m01-074.mfc
../TITML-IDN/praat/male/m01-075.mfc
../TITML-IDN/praat/male/m01-076.mfc
../TITML-IDN/praat/male/m01-077.mfc
../TITML-IDN/praat/male/m01-078.mfc
../TITML-IDN/praat/male/m01-079.mfc
../TITML-IDN/praat/male/m01-080.mfc
../TITML-IDN/praat/male/m01-081.mfc
../TITML-IDN/praat/male/m01-082.mfc
../TITML-IDN/praat/male/m01-083.mfc
../TITML-IDN/praat/male/m01-084.mfc
../TITML-IDN/praat/male/m01-085.mfc
../TITML-IDN/praat/male/m01-086.mfc
../TITML-IDN/praat/male/m01-087.mfc
../TITML-IDN/praat/male/m01-088.mfc
../TITML-IDN/praat/male/m01-089.mfc
../TITML-IDN/praat/male/m01-090.mfc
../TITML-IDN/praat/male/m01-091.mfc
../TITML-IDN/praat/male/m01-092.mfc
../TITML-IDN/praat/male/m01-093.mfc
../TITML-IDN/praat/male/m01-094.mfc
../TITML-IDN/praat/male/m01-095.mfc
../TITML-IDN/praat/male/m01-096.mfc
../TITML-IDN/praat/male/m01-097.mfc
../TITML-IDN/praat/male/m01-098.mfc
../TITML-IDN/praat/male/m01-099.mfc
../TITML-IDN/praat/male/m01-100.mfc
../TITML-IDN/praat/male/m01-101.mfc
../TITML-IDN/praat/male/m01-102.mfc
../TITML-IDN/praat/male/m01-103.mfc
../TITML-IDN/praat/male/m01-104.mfc
../TITML-IDN/praat/male/m01-105.mfc
../TITML-IDN/praat/male/m01-106.mfc
../TITML-IDN/praat/male/m01-107.mfc
../TITML-IDN/praat/male/m01-108.mfc
../TITML-IDN/praat/male/m01-109.mfc
../TITML-IDN/praat/male/m01-110.mfc
../TITML-IDN/praat/male/m01-111.mfc
../TITML-IDN/praat/male/m01-112.mfc
../TITML-IDN/praat/male/m01-113.mfc
../TITML-IDN/praat/male/m01-114.mfc
../TITML-IDN/praat/male/m01-115.mfc
../TITML-IDN/praat/male/m01-116.mfc
../TITML-IDN/praat/male/m01-117.mfc
../TITML-IDN/praat/male/m01-118.mfc
../TITML-IDN/praat/male/m01-119.mfc
../TITML-IDN/praat/male/m01-120.mfc
../TITML-IDN/praat/male/m01-121.mfc
../TITML-IDN/praat/male/m01-122.mfc
../TITML-IDN/praat/male/m01-123.mfc
../TITML-IDN/praat/male/m01-124.mfc
../TITML-IDN/praat/male/m01-125.mfc
../TITML-IDN/praat/male/m01-126.mfc
../TITML-IDN/praat/male/m01-127.mfc
../TITML-IDN/praat/male/m01-128.mfc
../TITML-IDN/praat/male/m01-129.mfc
../TITML-IDN/praat/male/m01-130.mfc
../TITML-IDN/praat/male/m01-131.mfc
../TITML-IDN/praat/male/m01-132.mfc
../TITML-IDN/praat/male/m01-133.mfc
../TITML-IDN/praat/male/m01-134.mfc
../TITML-IDN/praat/male/m01-135.mfc
../TITML-IDN/praat/male/m01-136.mfc
../TITML-IDN/praat/male/m01-137.mfc
../TITML-IDN/praat/male/m01-138.mfc
../TITML-IDN/praat/male/m01-139.mfc
../TITML-IDN/praat/male/m01-140.mfc
../TITML-IDN/praat/male/m01-141.mfc
../TITML-IDN/praat/male/m01-142.mfc
../TITML-IDN/praat/male/m01-143.mfc
../TITML-IDN/praat/male/m01-144.mfc
../TITML-IDN/praat/male/m01-145.mfc
../TITML-IDN/praat/male/m01-146.mfc
../TITML-IDN/praat/male/m01-147.mfc
../TITML-IDN/praat/male/m01-148.mfc
../TITML-IDN/praat/male/m01-149.mfc
../TITML-IDN/praat/male/m01-150.mfc
../TITML-IDN/praat/male/m01-151.mfc
../TITML-IDN/praat/male/m01-152.mfc
../TITML-IDN/praat/male/m01-153.mfc
../TITML-IDN/praat/male/m01-154.mfc
../TITML-IDN/praat/male/m01-155.mfc
../TITML-IDN/praat/male/m01-156.mfc
../TITML-IDN/praat/male/m01-157.mfc
../TITML-IDN/praat/male/m01-158.mfc
../TITML-IDN/praat/male/m01-159.mfc
../TITML-IDN/praat/male/m01-160.mfc
../TITML-IDN/praat/male/m01-161.mfc
../TITML-IDN/praat/male/m01-162.mfc
../TITML-IDN/praat/male/m01-163.mfc
../TITML-IDN/praat/male/m01-164.mfc
../TITML-IDN/praat/male/m01-165.mfc
../TITML-IDN/praat/male/m01-166.mfc
../TITML-IDN/praat/male/m01-167.mfc
../TITML-IDN/praat/male/m01-168.mfc
../TITML-IDN/praat/male/m01-169.mfc
../TITML-IDN/praat/male/m01-170.mfc
../TITML-IDN/praat/male/m01-171.mfc
../TITML-IDN/praat/male/m01-172.mfc
../TITML-IDN/praat/male/m01-173.mfc
../TITML-IDN/praat/male/m01-174.mfc
../TITML-IDN/praat/male/m01-175.mfc
../TITML-IDN/praat/male/m01-176.mfc
../TITML-IDN/praat/male/m01-177.mfc
../TITML-IDN/praat/male/m01-178.mfc
../TITML-IDN/praat/male/m01-179.mfc
../TITML-IDN/praat/male/m01-180.mfc
../TITML-IDN/praat/male/m01-181.mfc
../TITML-IDN/praat/male/m01-182.mfc
../TITML-IDN/praat/male/m01-183.mfc
../TITML-IDN/praat/male/m01-184.mfc
../TITML-IDN/praat/male/m01-185.mfc
../TITML-IDN/praat/male/m01-186.mfc
../TITML-IDN/praat/male/m01-187.mfc
../TITML-IDN/praat/male/m01-188.mfc
../TITML-IDN/praat/male/m01-189.mfc
../TITML-IDN/praat/male/m01-190.mfc
../TITML-IDN/praat/male/m01-191.mfc
../TITML-IDN/praat/male/m01-192.mfc
../TITML-IDN/praat/male/m01-193.mfc
../TITML-IDN/praat/male/m01-194.mfc
../TITML-IDN/praat/male/m01-195.mfc
../TITML-IDN/praat/male/m01-196.mfc
../TITML-IDN/praat/male/m01-197.mfc
../TITML-IDN/praat/male/m01-198.mfc
../TITML-IDN/praat/male/m01-199.mfc
../TITML-IDN/praat/male/m01-200.mfc
../TITML-IDN/praat/male/m01-201.mfc
../TITML-IDN/praat/male/m01-202.mfc
../TITML-IDN/praat/male/m01-203.mfc
../TITML-IDN/praat/male/m01-204.mfc
../TITML-IDN/praat/male/m01-205.mfc
../TITML-IDN/praat/male/m01-206.mfc
../TITML-IDN/praat/male/m01-207.mfc
../TITML-IDN/praat/male/m01-208.mfc
../TITML-IDN/praat/male/m01-209.mfc
../TITML-IDN/praat/male/m01-210.mfc
../TITML-IDN/praat/male/m01-211.mfc
../TITML-IDN/praat/male/m01-212.mfc
../TITML-IDN/praat/male/m01-213.mfc
../TITML-IDN/praat/male/m01-214.mfc
../TITML-IDN/praat/male/m01-215.mfc
../TITML-IDN/praat/male/m01-216.mfc
../TITML-IDN/praat/male/m01-217.mfc
../TITML-IDN/praat/male/m01-218.mfc
../TITML-IDN/praat/male/m01-219.mfc
../TITML-IDN/praat/male/m01-220.mfc
../TITML-IDN/praat/male/m01-221.mfc
../TITML-IDN/praat/male/m01-222.mfc
../TITML-IDN/praat/male/m01-223.mfc
../TITML-IDN/praat/male/m01-224.mfc
../TITML-IDN/praat/male/m01-225.mfc
../TITML-IDN/praat/male/m01-226.mfc
../TITML-IDN/praat/male/m01-227.mfc
../TITML-IDN/praat/male/m01-228.mfc
../TITML-IDN/praat/male/m01-229.mfc
../TITML-IDN/praat/male/m01-230.mfc
../TITML-IDN/praat/male/m01-231.mfc
../TITML-IDN/praat/male/m01-232.mfc
../TITML-IDN/praat/male/m01-233.mfc
../TITML-IDN/praat/male/m01-234.mfc
../TITML-IDN/praat/male/m01-235.mfc
../TITML-IDN/praat/male/m01-236.mfc
../TITML-IDN/praat/male/m01-237.mfc
../TITML-IDN/praat/male/m01-238.mfc
../TITML-IDN/praat/male/m01-239.mfc
../TITML-IDN/praat/male/m01-240.mfc
../TITML-IDN/praat/male/m01-241.mfc
../TITML-IDN/praat/male/m01-242.mfc
../TITML-IDN/praat/male/m01-243.mfc
../TITML-IDN/praat/male/m01-244.mfc
../TITML-IDN/praat/male/m01-245.mfc
../TITML-IDN/praat/male/m01-246.mfc
../TITML-IDN/praat/male/m01-247.mfc
../TITML-IDN/praat/male/m01-248.mfc
../TITML-IDN/praat/male/m01-249.mfc
../TITML-IDN/praat/male/m01-250.mfc
../TITML-IDN/praat/male/m01-251.mfc
../TITML-IDN/praat/male/m01-252.mfc
../TITML-IDN/praat/male/m01-253.mfc
../TITML-IDN/praat/male/m01-254.mfc
../TITML-IDN/praat/male/m01-255.mfc
../TITML-IDN/praat/male/m01-256.mfc
../TITML-IDN/praat/male/m01-257.mfc
../TITML-IDN/praat/male/m01-258.mfc
../TITML-IDN/praat/male/m01-259.mfc
../TITML-IDN/praat/male/m01-260.mfc
../TITML-IDN/praat/male/m01-261.mfc
../TITML-IDN/praat/male/m01-262.mfc
../TITML-IDN/praat/male/m01-263.mfc
../TITML-IDN/praat/male/m01-264.mfc
../TITML-IDN/praat/male/m01-265.mfc
../TITML-IDN/praat/male/m01-266.mfc
../TITML-IDN/praat/male/m01-267.mfc
../TITML-IDN/praat/male/m01-268.mfc
../TITML-IDN/praat/male/m01-269.mfc
../TITML-IDN/praat/male/m01-270.mfc
../TITML-IDN/praat/male/m01-271.mfc
../TITML-IDN/praat/male/m01-272.mfc
../TITML-IDN/praat/male/m01-273.mfc
../TITML-IDN/praat/male/m01-274.mfc
../TITML-IDN/praat/male/m01-275.mfc
../TITML-IDN/praat/male/m01-276.mfc
../TITML-IDN/praat/male/m01-277.mfc
../TITML-IDN/praat/male/m01-278.mfc
../TITML-IDN/praat/male/m01-279.mfc
../TITML-IDN/praat/male/m01-280.mfc
../TITML-IDN/praat/male/m01-281.mfc
../TITML-IDN/praat/male/m01-282.mfc
../TITML-IDN/praat/male/m01-283.mfc
../TITML-IDN/praat/male/m01-284.mfc
../TITML-IDN/praat/male/m01-285.mfc
../TITML-IDN/praat/male/m01-286.mfc
../TITML-IDN/praat/male/m01-287.mfc
../TITML-IDN/praat/male/m01-288.mfc
../TITML-IDN/praat/male/m01-289.mfc
../TITML-IDN/praat/male/m01-290.mfc
../TITML-IDN/praat/male/m01-291.mfc
../TITML-IDN/praat/male/m01-292.mfc
../TITML-IDN/praat/male/m01-293.mfc
../TITML-IDN/praat/male/m01-294.mfc
../TITML-IDN/praat/male/m01-295.mfc
../TITML-IDN/praat/male/m01-296.mfc
../TITML-IDN/praat/male/m01-297.mfc
../TITML-IDN/praat/male/m01-298.mfc
../TITML-IDN/praat/male/m01-299.mfc
../TITML-IDN/praat/male/m01-300.mfc
../TITML-IDN/praat/male/m01-301.mfc
../TITML-IDN/praat/male/m01-302.mfc
../TITML-IDN/praat/male/m01-303.mfc
../TITML-IDN/praat/male/m01-304.mfc
../TITML-IDN/praat/male/m01-305.mfc
../TITML-IDN/praat/male/m01-306.mfc
../TITML-IDN/praat/male/m01-307.mfc
../TITML-IDN/praat/male/m01-308.mfc
../TITML-IDN/praat/male/m01-309.mfc
../TITML-IDN/praat/male/m01-310.mfc
../TITML-IDN/praat/male/m01-311.mfc
../TITML-IDN/praat/male/m01-312.mfc
../TITML-IDN/praat/male/m01-313.mfc
../TITML-IDN/praat/male/m01-314.mfc
../TITML-IDN/praat/male/m01-315.mfc
../TITML-IDN/praat/male/m01-316.mfc
../TITML-IDN/praat/male/m01-317.mfc
../TITML-IDN/praat/male/m01-318.mfc
../TITML-IDN/praat/male/m01-319.mfc
../TITML-IDN/praat/male/m01-320.mfc
../TITML-IDN/praat/male/m01-321.mfc
../TITML-IDN/praat/male/m01-322.mfc
../TITML-IDN/praat/male/m01-323.mfc
../TITML-IDN/praat/male/m01-324.mfc
../TITML-IDN/praat/male/m01-325.mfc
../TITML-IDN/praat/male/m01-326.mfc
../TITML-IDN/praat/male/m01-327.mfc
../TITML-IDN/praat/male/m01-328.mfc
../TITML-IDN/praat/male/m01-329.mfc
../TITML-IDN/praat/male/m01-330.mfc
../TITML-IDN/praat/male/m01-331.mfc
../TITML-IDN/praat/male/m01-332.mfc
../TITML-IDN/praat/male/m01-333.mfc
../TITML-IDN/praat/male/m01-334.mfc
../TITML-IDN/praat/male/m01-335.mfc
../TITML-IDN/praat/male/m01-336.mfc
../TITML-IDN/praat/male/m01-337.mfc
../TITML-IDN/praat/male/m01-338.mfc
../TITML-IDN/praat/male/m01-339.mfc
../TITML-IDN/praat/male/m01-340.mfc
../TITML-IDN/praat/male/m01-341.mfc
../TITML-IDN/praat/male/m01-342.mfc
../TITML-IDN/praat/male/m01-343.mfc
