m09-118_l_218_225.mfc=../../../small_vocabulary_/datas/TITML-IDN/praat/male/m09-118.mfc[218,225]
m09-118_l_497_503.mfc=../../../small_vocabulary_/datas/TITML-IDN/praat/male/m09-118.mfc[497,503]
m09-118_l_623_635.mfc=../../../small_vocabulary_/datas/TITML-IDN/praat/male/m09-118.mfc[623,635]
m09-001_l_82_87.mfc=../../../small_vocabulary_/datas/TITML-IDN/praat/male/m09-001.mfc[82,87]
m04-118_l_167_173.mfc=../../../small_vocabulary_/datas/TITML-IDN/praat/male/m04-118.mfc[167,173]
m04-118_l_390_394.mfc=../../../small_vocabulary_/datas/TITML-IDN/praat/male/m04-118.mfc[390,394]
m04-118_l_514_521.mfc=../../../small_vocabulary_/datas/TITML-IDN/praat/male/m04-118.mfc[514,521]
m04-001_l_182_186.mfc=../../../small_vocabulary_/datas/TITML-IDN/praat/male/m04-001.mfc[182,186]
m01-118_l_111_117.mfc=../../../small_vocabulary_/datas/TITML-IDN/praat/male/m01-118.mfc[111,117]
m01-118_l_216_225.mfc=../../../small_vocabulary_/datas/TITML-IDN/praat/male/m01-118.mfc[216,225]
m01-118_l_568_576.mfc=../../../small_vocabulary_/datas/TITML-IDN/praat/male/m01-118.mfc[568,576]
m01-118_l_718_725.mfc=../../../small_vocabulary_/datas/TITML-IDN/praat/male/m01-118.mfc[718,725]
m01-001_l_42_48.mfc=../../../small_vocabulary_/datas/TITML-IDN/praat/male/m01-001.mfc[42,48]
