m09-118_n_88_96.mfc=../../../small_vocabulary_/datas/TITML-IDN/praat/male/m09-118.mfc[88,96]
m09-118_n_184_188.mfc=../../../small_vocabulary_/datas/TITML-IDN/praat/male/m09-118.mfc[184,188]
m09-118_n_372_378.mfc=../../../small_vocabulary_/datas/TITML-IDN/praat/male/m09-118.mfc[372,378]
m09-118_n_426_433.mfc=../../../small_vocabulary_/datas/TITML-IDN/praat/male/m09-118.mfc[426,433]
m09-118_n_538_544.mfc=../../../small_vocabulary_/datas/TITML-IDN/praat/male/m09-118.mfc[538,544]
m09-118_n_582_590.mfc=../../../small_vocabulary_/datas/TITML-IDN/praat/male/m09-118.mfc[582,590]
m09-118_n_605_613.mfc=../../../small_vocabulary_/datas/TITML-IDN/praat/male/m09-118.mfc[605,613]
m09-118_n_711_719.mfc=../../../small_vocabulary_/datas/TITML-IDN/praat/male/m09-118.mfc[711,719]
m04-118_n_141_145.mfc=../../../small_vocabulary_/datas/TITML-IDN/praat/male/m04-118.mfc[141,145]
m04-118_n_271_276.mfc=../../../small_vocabulary_/datas/TITML-IDN/praat/male/m04-118.mfc[271,276]
m04-118_n_314_320.mfc=../../../small_vocabulary_/datas/TITML-IDN/praat/male/m04-118.mfc[314,320]
m04-118_n_430_436.mfc=../../../small_vocabulary_/datas/TITML-IDN/praat/male/m04-118.mfc[430,436]
m04-118_n_472_478.mfc=../../../small_vocabulary_/datas/TITML-IDN/praat/male/m04-118.mfc[472,478]
m04-118_n_496_504.mfc=../../../small_vocabulary_/datas/TITML-IDN/praat/male/m04-118.mfc[496,504]
m04-118_n_573_581.mfc=../../../small_vocabulary_/datas/TITML-IDN/praat/male/m04-118.mfc[573,581]
m01-118_n_62_68.mfc=../../../small_vocabulary_/datas/TITML-IDN/praat/male/m01-118.mfc[62,68]
m01-118_n_178_183.mfc=../../../small_vocabulary_/datas/TITML-IDN/praat/male/m01-118.mfc[178,183]
m01-118_n_408_415.mfc=../../../small_vocabulary_/datas/TITML-IDN/praat/male/m01-118.mfc[408,415]
m01-118_n_496_504.mfc=../../../small_vocabulary_/datas/TITML-IDN/praat/male/m01-118.mfc[496,504]
m01-118_n_619_625.mfc=../../../small_vocabulary_/datas/TITML-IDN/praat/male/m01-118.mfc[619,625]
m01-118_n_667_677.mfc=../../../small_vocabulary_/datas/TITML-IDN/praat/male/m01-118.mfc[667,677]
m01-118_n_694_706.mfc=../../../small_vocabulary_/datas/TITML-IDN/praat/male/m01-118.mfc[694,706]
m01-118_n_794_801.mfc=../../../small_vocabulary_/datas/TITML-IDN/praat/male/m01-118.mfc[794,801]
