m09-118_s_105_113.mfc=../../../small_vocabulary_/datas/TITML-IDN/praat/male/m09-118.mfc[105,113]
m09-118_s_202_211.mfc=../../../small_vocabulary_/datas/TITML-IDN/praat/male/m09-118.mfc[202,211]
m09-118_s_317_326.mfc=../../../small_vocabulary_/datas/TITML-IDN/praat/male/m09-118.mfc[317,326]
m09-001_s_75_82.mfc=../../../small_vocabulary_/datas/TITML-IDN/praat/male/m09-001.mfc[75,82]
m04-118_s_76_82.mfc=../../../small_vocabulary_/datas/TITML-IDN/praat/male/m04-118.mfc[76,82]
m04-118_s_154_160.mfc=../../../small_vocabulary_/datas/TITML-IDN/praat/male/m04-118.mfc[154,160]
m04-118_s_227_233.mfc=../../../small_vocabulary_/datas/TITML-IDN/praat/male/m04-118.mfc[227,233]
m04-001_s_173_182.mfc=../../../small_vocabulary_/datas/TITML-IDN/praat/male/m04-001.mfc[173,182]
m01-118_s_80_88.mfc=../../../small_vocabulary_/datas/TITML-IDN/praat/male/m01-118.mfc[80,88]
m01-118_s_196_206.mfc=../../../small_vocabulary_/datas/TITML-IDN/praat/male/m01-118.mfc[196,206]
m01-118_s_305_314.mfc=../../../small_vocabulary_/datas/TITML-IDN/praat/male/m01-118.mfc[305,314]
m01-001_s_33_42.mfc=../../../small_vocabulary_/datas/TITML-IDN/praat/male/m01-001.mfc[33,42]
