m09-118_i_82_88.mfc=../../../small_vocabulary_/datas/TITML-IDN/praat/male/m09-118.mfc[82,88]
m09-118_i_96_105.mfc=../../../small_vocabulary_/datas/TITML-IDN/praat/male/m09-118.mfc[96,105]
m09-118_i_164_172.mfc=../../../small_vocabulary_/datas/TITML-IDN/praat/male/m09-118.mfc[164,172]
m09-118_i_174_184.mfc=../../../small_vocabulary_/datas/TITML-IDN/praat/male/m09-118.mfc[174,184]
m09-118_i_196_202.mfc=../../../small_vocabulary_/datas/TITML-IDN/praat/male/m09-118.mfc[196,202]
m09-118_i_326_331.mfc=../../../small_vocabulary_/datas/TITML-IDN/praat/male/m09-118.mfc[326,331]
m09-118_i_421_426.mfc=../../../small_vocabulary_/datas/TITML-IDN/praat/male/m09-118.mfc[421,426]
m09-118_i_562_567.mfc=../../../small_vocabulary_/datas/TITML-IDN/praat/male/m09-118.mfc[562,567]
m09-118_i_719_728.mfc=../../../small_vocabulary_/datas/TITML-IDN/praat/male/m09-118.mfc[719,728]
m09-001_i_47_63.mfc=../../../small_vocabulary_/datas/TITML-IDN/praat/male/m09-001.mfc[47,63]
m09-001_i_139_152.mfc=../../../small_vocabulary_/datas/TITML-IDN/praat/male/m09-001.mfc[139,152]
m04-118_i_56_64.mfc=../../../small_vocabulary_/datas/TITML-IDN/praat/male/m04-118.mfc[56,64]
m04-118_i_67_76.mfc=../../../small_vocabulary_/datas/TITML-IDN/praat/male/m04-118.mfc[67,76]
m04-118_i_124_131.mfc=../../../small_vocabulary_/datas/TITML-IDN/praat/male/m04-118.mfc[124,131]
m04-118_i_133_141.mfc=../../../small_vocabulary_/datas/TITML-IDN/praat/male/m04-118.mfc[133,141]
m04-118_i_147_154.mfc=../../../small_vocabulary_/datas/TITML-IDN/praat/male/m04-118.mfc[147,154]
m04-118_i_233_239.mfc=../../../small_vocabulary_/datas/TITML-IDN/praat/male/m04-118.mfc[233,239]
m04-118_i_309_314.mfc=../../../small_vocabulary_/datas/TITML-IDN/praat/male/m04-118.mfc[309,314]
m04-118_i_451_457.mfc=../../../small_vocabulary_/datas/TITML-IDN/praat/male/m04-118.mfc[451,457]
m04-118_i_581_598.mfc=../../../small_vocabulary_/datas/TITML-IDN/praat/male/m04-118.mfc[581,598]
m04-001_i_232_249.mfc=../../../small_vocabulary_/datas/TITML-IDN/praat/male/m04-001.mfc[232,249]
m01-118_i_54_62.mfc=../../../small_vocabulary_/datas/TITML-IDN/praat/male/m01-118.mfc[54,62]
m01-118_i_68_80.mfc=../../../small_vocabulary_/datas/TITML-IDN/praat/male/m01-118.mfc[68,80]
m01-118_i_155_164.mfc=../../../small_vocabulary_/datas/TITML-IDN/praat/male/m01-118.mfc[155,164]
m01-118_i_169_178.mfc=../../../small_vocabulary_/datas/TITML-IDN/praat/male/m01-118.mfc[169,178]
m01-118_i_188_196.mfc=../../../small_vocabulary_/datas/TITML-IDN/praat/male/m01-118.mfc[188,196]
m01-118_i_314_320.mfc=../../../small_vocabulary_/datas/TITML-IDN/praat/male/m01-118.mfc[314,320]
m01-118_i_486_496.mfc=../../../small_vocabulary_/datas/TITML-IDN/praat/male/m01-118.mfc[486,496]
m01-118_i_642_647.mfc=../../../small_vocabulary_/datas/TITML-IDN/praat/male/m01-118.mfc[642,647]
m01-118_i_801_817.mfc=../../../small_vocabulary_/datas/TITML-IDN/praat/male/m01-118.mfc[801,817]
m01-001_i_103_131.mfc=../../../small_vocabulary_/datas/TITML-IDN/praat/male/m01-001.mfc[103,131]
