m09-118_a_148_158.mfc=../../../small_vocabulary_/datas/TITML-IDN/praat/male/m09-118.mfc[148,158]
m09-118_a_304_311.mfc=../../../small_vocabulary_/datas/TITML-IDN/praat/male/m09-118.mfc[304,311]
m09-118_a_363_372.mfc=../../../small_vocabulary_/datas/TITML-IDN/praat/male/m09-118.mfc[363,372]
m09-118_a_516_522.mfc=../../../small_vocabulary_/datas/TITML-IDN/praat/male/m09-118.mfc[516,522]
m09-118_a_575_582.mfc=../../../small_vocabulary_/datas/TITML-IDN/praat/male/m09-118.mfc[575,582]
m09-118_a_613_623.mfc=../../../small_vocabulary_/datas/TITML-IDN/praat/male/m09-118.mfc[613,623]
m09-118_a_679_688.mfc=../../../small_vocabulary_/datas/TITML-IDN/praat/male/m09-118.mfc[679,688]
m09-118_a_702_711.mfc=../../../small_vocabulary_/datas/TITML-IDN/praat/male/m09-118.mfc[702,711]
m09-001_a_39_47.mfc=../../../small_vocabulary_/datas/TITML-IDN/praat/male/m09-001.mfc[39,47]
m09-001_a_87_95.mfc=../../../small_vocabulary_/datas/TITML-IDN/praat/male/m09-001.mfc[87,95]
m09-001_a_102_107.mfc=../../../small_vocabulary_/datas/TITML-IDN/praat/male/m09-001.mfc[102,107]
m09-001_a_122_132.mfc=../../../small_vocabulary_/datas/TITML-IDN/praat/male/m09-001.mfc[122,132]
m09-001_a_161_168.mfc=../../../small_vocabulary_/datas/TITML-IDN/praat/male/m09-001.mfc[161,168]
m09-001_a_175_182.mfc=../../../small_vocabulary_/datas/TITML-IDN/praat/male/m09-001.mfc[175,182]
m09-001_a_192_198.mfc=../../../small_vocabulary_/datas/TITML-IDN/praat/male/m09-001.mfc[192,198]
m09-001_a_206_217.mfc=../../../small_vocabulary_/datas/TITML-IDN/praat/male/m09-001.mfc[206,217]
m04-118_a_108_119.mfc=../../../small_vocabulary_/datas/TITML-IDN/praat/male/m04-118.mfc[108,119]
m04-118_a_216_223.mfc=../../../small_vocabulary_/datas/TITML-IDN/praat/male/m04-118.mfc[216,223]
m04-118_a_264_271.mfc=../../../small_vocabulary_/datas/TITML-IDN/praat/male/m04-118.mfc[264,271]
m04-118_a_406_414.mfc=../../../small_vocabulary_/datas/TITML-IDN/praat/male/m04-118.mfc[406,414]
m04-118_a_462_472.mfc=../../../small_vocabulary_/datas/TITML-IDN/praat/male/m04-118.mfc[462,472]
m04-118_a_504_514.mfc=../../../small_vocabulary_/datas/TITML-IDN/praat/male/m04-118.mfc[504,514]
m04-118_a_545_553.mfc=../../../small_vocabulary_/datas/TITML-IDN/praat/male/m04-118.mfc[545,553]
m04-118_a_564_573.mfc=../../../small_vocabulary_/datas/TITML-IDN/praat/male/m04-118.mfc[564,573]
m04-001_a_186_193.mfc=../../../small_vocabulary_/datas/TITML-IDN/praat/male/m04-001.mfc[186,193]
m04-001_a_200_206.mfc=../../../small_vocabulary_/datas/TITML-IDN/praat/male/m04-001.mfc[200,206]
m04-001_a_218_226.mfc=../../../small_vocabulary_/datas/TITML-IDN/praat/male/m04-001.mfc[218,226]
m04-001_a_259_267.mfc=../../../small_vocabulary_/datas/TITML-IDN/praat/male/m04-001.mfc[259,267]
m04-001_a_276_282.mfc=../../../small_vocabulary_/datas/TITML-IDN/praat/male/m04-001.mfc[276,282]
m04-001_a_289_296.mfc=../../../small_vocabulary_/datas/TITML-IDN/praat/male/m04-001.mfc[289,296]
m04-001_a_304_313.mfc=../../../small_vocabulary_/datas/TITML-IDN/praat/male/m04-001.mfc[304,313]
m01-118_a_140_149.mfc=../../../small_vocabulary_/datas/TITML-IDN/praat/male/m01-118.mfc[140,149]
m01-118_a_295_302.mfc=../../../small_vocabulary_/datas/TITML-IDN/praat/male/m01-118.mfc[295,302]
m01-118_a_396_408.mfc=../../../small_vocabulary_/datas/TITML-IDN/praat/male/m01-118.mfc[396,408]
m01-118_a_593_598.mfc=../../../small_vocabulary_/datas/TITML-IDN/praat/male/m01-118.mfc[593,598]
m01-118_a_656_667.mfc=../../../small_vocabulary_/datas/TITML-IDN/praat/male/m01-118.mfc[656,667]
m01-118_a_706_718.mfc=../../../small_vocabulary_/datas/TITML-IDN/praat/male/m01-118.mfc[706,718]
m01-118_a_755_765.mfc=../../../small_vocabulary_/datas/TITML-IDN/praat/male/m01-118.mfc[755,765]
m01-118_a_783_794.mfc=../../../small_vocabulary_/datas/TITML-IDN/praat/male/m01-118.mfc[783,794]
m01-001_a_48_58.mfc=../../../small_vocabulary_/datas/TITML-IDN/praat/male/m01-001.mfc[48,58]
m01-001_a_64_71.mfc=../../../small_vocabulary_/datas/TITML-IDN/praat/male/m01-001.mfc[64,71]
m01-001_a_85_95.mfc=../../../small_vocabulary_/datas/TITML-IDN/praat/male/m01-001.mfc[85,95]
m01-001_a_154_164.mfc=../../../small_vocabulary_/datas/TITML-IDN/praat/male/m01-001.mfc[154,164]
m01-001_a_171_181.mfc=../../../small_vocabulary_/datas/TITML-IDN/praat/male/m01-001.mfc[171,181]
m01-001_a_189_197.mfc=../../../small_vocabulary_/datas/TITML-IDN/praat/male/m01-001.mfc[189,197]
m01-001_a_204_221.mfc=../../../small_vocabulary_/datas/TITML-IDN/praat/male/m01-001.mfc[204,221]
