../../../small_vocabulary_/datas/TITML-IDN/Speech/m11
../../../small_vocabulary_/datas/TITML-IDN/Speech/m11/m11-001.wav
../../../small_vocabulary_/datas/TITML-IDN/Speech/m11/m11-002.wav
../../../small_vocabulary_/datas/TITML-IDN/Speech/m11/m11-003.wav
../../../small_vocabulary_/datas/TITML-IDN/Speech/m11/m11-004.wav
../../../small_vocabulary_/datas/TITML-IDN/Speech/m11/m11-005.wav
../../../small_vocabulary_/datas/TITML-IDN/Speech/m11/m11-006.wav
../../../small_vocabulary_/datas/TITML-IDN/Speech/m11/m11-007.wav
../../../small_vocabulary_/datas/TITML-IDN/Speech/m11/m11-008.wav
../../../small_vocabulary_/datas/TITML-IDN/Speech/m11/m11-009.wav
../../../small_vocabulary_/datas/TITML-IDN/Speech/m11/m11-010.wav
../../../small_vocabulary_/datas/TITML-IDN/Speech/m11/m11-011.wav
../../../small_vocabulary_/datas/TITML-IDN/Speech/m11/m11-012.wav
../../../small_vocabulary_/datas/TITML-IDN/Speech/m11/m11-013.wav
../../../small_vocabulary_/datas/TITML-IDN/Speech/m11/m11-014.wav
../../../small_vocabulary_/datas/TITML-IDN/Speech/m11/m11-015.wav
../../../small_vocabulary_/datas/TITML-IDN/Speech/m11/m11-016.wav
../../../small_vocabulary_/datas/TITML-IDN/Speech/m11/m11-017.wav
../../../small_vocabulary_/datas/TITML-IDN/Speech/m11/m11-018.wav
../../../small_vocabulary_/datas/TITML-IDN/Speech/m11/m11-019.wav
../../../small_vocabulary_/datas/TITML-IDN/Speech/m11/m11-020.wav
../../../small_vocabulary_/datas/TITML-IDN/Speech/m11/m11-021.wav
../../../small_vocabulary_/datas/TITML-IDN/Speech/m11/m11-022.wav
../../../small_vocabulary_/datas/TITML-IDN/Speech/m11/m11-023.wav
../../../small_vocabulary_/datas/TITML-IDN/Speech/m11/m11-024.wav
../../../small_vocabulary_/datas/TITML-IDN/Speech/m11/m11-025.wav
../../../small_vocabulary_/datas/TITML-IDN/Speech/m11/m11-026.wav
../../../small_vocabulary_/datas/TITML-IDN/Speech/m11/m11-027.wav
../../../small_vocabulary_/datas/TITML-IDN/Speech/m11/m11-028.wav
../../../small_vocabulary_/datas/TITML-IDN/Speech/m11/m11-029.wav
../../../small_vocabulary_/datas/TITML-IDN/Speech/m11/m11-030.wav
../../../small_vocabulary_/datas/TITML-IDN/Speech/m11/m11-031.wav
../../../small_vocabulary_/datas/TITML-IDN/Speech/m11/m11-032.wav
../../../small_vocabulary_/datas/TITML-IDN/Speech/m11/m11-033.wav
../../../small_vocabulary_/datas/TITML-IDN/Speech/m11/m11-034.wav
../../../small_vocabulary_/datas/TITML-IDN/Speech/m11/m11-035.wav
../../../small_vocabulary_/datas/TITML-IDN/Speech/m11/m11-036.wav
../../../small_vocabulary_/datas/TITML-IDN/Speech/m11/m11-037.wav
../../../small_vocabulary_/datas/TITML-IDN/Speech/m11/m11-038.wav
../../../small_vocabulary_/datas/TITML-IDN/Speech/m11/m11-039.wav
../../../small_vocabulary_/datas/TITML-IDN/Speech/m11/m11-040.wav
../../../small_vocabulary_/datas/TITML-IDN/Speech/m11/m11-041.wav
../../../small_vocabulary_/datas/TITML-IDN/Speech/m11/m11-042.wav
../../../small_vocabulary_/datas/TITML-IDN/Speech/m11/m11-043.wav
../../../small_vocabulary_/datas/TITML-IDN/Speech/m11/m11-044.wav
../../../small_vocabulary_/datas/TITML-IDN/Speech/m11/m11-045.wav
../../../small_vocabulary_/datas/TITML-IDN/Speech/m11/m11-046.wav
../../../small_vocabulary_/datas/TITML-IDN/Speech/m11/m11-047.wav
../../../small_vocabulary_/datas/TITML-IDN/Speech/m11/m11-048.wav
../../../small_vocabulary_/datas/TITML-IDN/Speech/m11/m11-049.wav
../../../small_vocabulary_/datas/TITML-IDN/Speech/m11/m11-050.wav
../../../small_vocabulary_/datas/TITML-IDN/Speech/m11/m11-051.wav
../../../small_vocabulary_/datas/TITML-IDN/Speech/m11/m11-052.wav
../../../small_vocabulary_/datas/TITML-IDN/Speech/m11/m11-053.wav
../../../small_vocabulary_/datas/TITML-IDN/Speech/m11/m11-054.wav
../../../small_vocabulary_/datas/TITML-IDN/Speech/m11/m11-055.wav
../../../small_vocabulary_/datas/TITML-IDN/Speech/m11/m11-056.wav
../../../small_vocabulary_/datas/TITML-IDN/Speech/m11/m11-057.wav
../../../small_vocabulary_/datas/TITML-IDN/Speech/m11/m11-058.wav
../../../small_vocabulary_/datas/TITML-IDN/Speech/m11/m11-059.wav
../../../small_vocabulary_/datas/TITML-IDN/Speech/m11/m11-060.wav
../../../small_vocabulary_/datas/TITML-IDN/Speech/m11/m11-061.wav
../../../small_vocabulary_/datas/TITML-IDN/Speech/m11/m11-062.wav
../../../small_vocabulary_/datas/TITML-IDN/Speech/m11/m11-063.wav
../../../small_vocabulary_/datas/TITML-IDN/Speech/m11/m11-064.wav
../../../small_vocabulary_/datas/TITML-IDN/Speech/m11/m11-065.wav
../../../small_vocabulary_/datas/TITML-IDN/Speech/m11/m11-066.wav
../../../small_vocabulary_/datas/TITML-IDN/Speech/m11/m11-067.wav
../../../small_vocabulary_/datas/TITML-IDN/Speech/m11/m11-068.wav
../../../small_vocabulary_/datas/TITML-IDN/Speech/m11/m11-069.wav
../../../small_vocabulary_/datas/TITML-IDN/Speech/m11/m11-070.wav
../../../small_vocabulary_/datas/TITML-IDN/Speech/m11/m11-071.wav
../../../small_vocabulary_/datas/TITML-IDN/Speech/m11/m11-072.wav
../../../small_vocabulary_/datas/TITML-IDN/Speech/m11/m11-073.wav
../../../small_vocabulary_/datas/TITML-IDN/Speech/m11/m11-074.wav
../../../small_vocabulary_/datas/TITML-IDN/Speech/m11/m11-075.wav
../../../small_vocabulary_/datas/TITML-IDN/Speech/m11/m11-076.wav
../../../small_vocabulary_/datas/TITML-IDN/Speech/m11/m11-077.wav
../../../small_vocabulary_/datas/TITML-IDN/Speech/m11/m11-078.wav
../../../small_vocabulary_/datas/TITML-IDN/Speech/m11/m11-079.wav
../../../small_vocabulary_/datas/TITML-IDN/Speech/m11/m11-080.wav
../../../small_vocabulary_/datas/TITML-IDN/Speech/m11/m11-081.wav
../../../small_vocabulary_/datas/TITML-IDN/Speech/m11/m11-082.wav
../../../small_vocabulary_/datas/TITML-IDN/Speech/m11/m11-083.wav
../../../small_vocabulary_/datas/TITML-IDN/Speech/m11/m11-084.wav
../../../small_vocabulary_/datas/TITML-IDN/Speech/m11/m11-085.wav
../../../small_vocabulary_/datas/TITML-IDN/Speech/m11/m11-086.wav
../../../small_vocabulary_/datas/TITML-IDN/Speech/m11/m11-087.wav
../../../small_vocabulary_/datas/TITML-IDN/Speech/m11/m11-088.wav
../../../small_vocabulary_/datas/TITML-IDN/Speech/m11/m11-089.wav
../../../small_vocabulary_/datas/TITML-IDN/Speech/m11/m11-090.wav
../../../small_vocabulary_/datas/TITML-IDN/Speech/m11/m11-091.wav
../../../small_vocabulary_/datas/TITML-IDN/Speech/m11/m11-092.wav
../../../small_vocabulary_/datas/TITML-IDN/Speech/m11/m11-093.wav
../../../small_vocabulary_/datas/TITML-IDN/Speech/m11/m11-094.wav
../../../small_vocabulary_/datas/TITML-IDN/Speech/m11/m11-095.wav
../../../small_vocabulary_/datas/TITML-IDN/Speech/m11/m11-096.wav
../../../small_vocabulary_/datas/TITML-IDN/Speech/m11/m11-097.wav
../../../small_vocabulary_/datas/TITML-IDN/Speech/m11/m11-098.wav
../../../small_vocabulary_/datas/TITML-IDN/Speech/m11/m11-099.wav
../../../small_vocabulary_/datas/TITML-IDN/Speech/m11/m11-100.wav
../../../small_vocabulary_/datas/TITML-IDN/Speech/m11/m11-101.wav
../../../small_vocabulary_/datas/TITML-IDN/Speech/m11/m11-102.wav
../../../small_vocabulary_/datas/TITML-IDN/Speech/m11/m11-103.wav
../../../small_vocabulary_/datas/TITML-IDN/Speech/m11/m11-104.wav
../../../small_vocabulary_/datas/TITML-IDN/Speech/m11/m11-105.wav
../../../small_vocabulary_/datas/TITML-IDN/Speech/m11/m11-106.wav
../../../small_vocabulary_/datas/TITML-IDN/Speech/m11/m11-107.wav
../../../small_vocabulary_/datas/TITML-IDN/Speech/m11/m11-108.wav
../../../small_vocabulary_/datas/TITML-IDN/Speech/m11/m11-109.wav
../../../small_vocabulary_/datas/TITML-IDN/Speech/m11/m11-110.wav
../../../small_vocabulary_/datas/TITML-IDN/Speech/m11/m11-111.wav
../../../small_vocabulary_/datas/TITML-IDN/Speech/m11/m11-112.wav
../../../small_vocabulary_/datas/TITML-IDN/Speech/m11/m11-113.wav
../../../small_vocabulary_/datas/TITML-IDN/Speech/m11/m11-114.wav
../../../small_vocabulary_/datas/TITML-IDN/Speech/m11/m11-115.wav
../../../small_vocabulary_/datas/TITML-IDN/Speech/m11/m11-116.wav
../../../small_vocabulary_/datas/TITML-IDN/Speech/m11/m11-117.wav
../../../small_vocabulary_/datas/TITML-IDN/Speech/m11/m11-118.wav
../../../small_vocabulary_/datas/TITML-IDN/Speech/m11/m11-119.wav
../../../small_vocabulary_/datas/TITML-IDN/Speech/m11/m11-120.wav
../../../small_vocabulary_/datas/TITML-IDN/Speech/m11/m11-121.wav
../../../small_vocabulary_/datas/TITML-IDN/Speech/m11/m11-122.wav
../../../small_vocabulary_/datas/TITML-IDN/Speech/m11/m11-123.wav
../../../small_vocabulary_/datas/TITML-IDN/Speech/m11/m11-124.wav
../../../small_vocabulary_/datas/TITML-IDN/Speech/m11/m11-125.wav
../../../small_vocabulary_/datas/TITML-IDN/Speech/m11/m11-126.wav
../../../small_vocabulary_/datas/TITML-IDN/Speech/m11/m11-127.wav
../../../small_vocabulary_/datas/TITML-IDN/Speech/m11/m11-128.wav
../../../small_vocabulary_/datas/TITML-IDN/Speech/m11/m11-129.wav
../../../small_vocabulary_/datas/TITML-IDN/Speech/m11/m11-130.wav
../../../small_vocabulary_/datas/TITML-IDN/Speech/m11/m11-132.wav
../../../small_vocabulary_/datas/TITML-IDN/Speech/m11/m11-133.wav
../../../small_vocabulary_/datas/TITML-IDN/Speech/m11/m11-134.wav
../../../small_vocabulary_/datas/TITML-IDN/Speech/m11/m11-135.wav
../../../small_vocabulary_/datas/TITML-IDN/Speech/m11/m11-136.wav
../../../small_vocabulary_/datas/TITML-IDN/Speech/m11/m11-137.wav
../../../small_vocabulary_/datas/TITML-IDN/Speech/m11/m11-138.wav
../../../small_vocabulary_/datas/TITML-IDN/Speech/m11/m11-139.wav
../../../small_vocabulary_/datas/TITML-IDN/Speech/m11/m11-140.wav
../../../small_vocabulary_/datas/TITML-IDN/Speech/m11/m11-141.wav
../../../small_vocabulary_/datas/TITML-IDN/Speech/m11/m11-142.wav
../../../small_vocabulary_/datas/TITML-IDN/Speech/m11/m11-143.wav
../../../small_vocabulary_/datas/TITML-IDN/Speech/m11/m11-144.wav
../../../small_vocabulary_/datas/TITML-IDN/Speech/m11/m11-145.wav
../../../small_vocabulary_/datas/TITML-IDN/Speech/m11/m11-146.wav
../../../small_vocabulary_/datas/TITML-IDN/Speech/m11/m11-147.wav
../../../small_vocabulary_/datas/TITML-IDN/Speech/m11/m11-148.wav
../../../small_vocabulary_/datas/TITML-IDN/Speech/m11/m11-149.wav
../../../small_vocabulary_/datas/TITML-IDN/Speech/m11/m11-150.wav
../../../small_vocabulary_/datas/TITML-IDN/Speech/m11/m11-151.wav
../../../small_vocabulary_/datas/TITML-IDN/Speech/m11/m11-152.wav
../../../small_vocabulary_/datas/TITML-IDN/Speech/m11/m11-153.wav
../../../small_vocabulary_/datas/TITML-IDN/Speech/m11/m11-154.wav
../../../small_vocabulary_/datas/TITML-IDN/Speech/m11/m11-155.wav
../../../small_vocabulary_/datas/TITML-IDN/Speech/m11/m11-156.wav
../../../small_vocabulary_/datas/TITML-IDN/Speech/m11/m11-157.wav
../../../small_vocabulary_/datas/TITML-IDN/Speech/m11/m11-158.wav
../../../small_vocabulary_/datas/TITML-IDN/Speech/m11/m11-159.wav
../../../small_vocabulary_/datas/TITML-IDN/Speech/m11/m11-160.wav
../../../small_vocabulary_/datas/TITML-IDN/Speech/m11/m11-161.wav
../../../small_vocabulary_/datas/TITML-IDN/Speech/m11/m11-162.wav
../../../small_vocabulary_/datas/TITML-IDN/Speech/m11/m11-163.wav
../../../small_vocabulary_/datas/TITML-IDN/Speech/m11/m11-164.wav
../../../small_vocabulary_/datas/TITML-IDN/Speech/m11/m11-165.wav
../../../small_vocabulary_/datas/TITML-IDN/Speech/m11/m11-166.wav
../../../small_vocabulary_/datas/TITML-IDN/Speech/m11/m11-167.wav
../../../small_vocabulary_/datas/TITML-IDN/Speech/m11/m11-168.wav
../../../small_vocabulary_/datas/TITML-IDN/Speech/m11/m11-169.wav
../../../small_vocabulary_/datas/TITML-IDN/Speech/m11/m11-170.wav
../../../small_vocabulary_/datas/TITML-IDN/Speech/m11/m11-171.wav
../../../small_vocabulary_/datas/TITML-IDN/Speech/m11/m11-172.wav
../../../small_vocabulary_/datas/TITML-IDN/Speech/m11/m11-173.wav
../../../small_vocabulary_/datas/TITML-IDN/Speech/m11/m11-174.wav
../../../small_vocabulary_/datas/TITML-IDN/Speech/m11/m11-175.wav
../../../small_vocabulary_/datas/TITML-IDN/Speech/m11/m11-176.wav
../../../small_vocabulary_/datas/TITML-IDN/Speech/m11/m11-177.wav
../../../small_vocabulary_/datas/TITML-IDN/Speech/m11/m11-178.wav
../../../small_vocabulary_/datas/TITML-IDN/Speech/m11/m11-179.wav
../../../small_vocabulary_/datas/TITML-IDN/Speech/m11/m11-180.wav
../../../small_vocabulary_/datas/TITML-IDN/Speech/m11/m11-181.wav
../../../small_vocabulary_/datas/TITML-IDN/Speech/m11/m11-182.wav
../../../small_vocabulary_/datas/TITML-IDN/Speech/m11/m11-183.wav
../../../small_vocabulary_/datas/TITML-IDN/Speech/m11/m11-184.wav
../../../small_vocabulary_/datas/TITML-IDN/Speech/m11/m11-185.wav
../../../small_vocabulary_/datas/TITML-IDN/Speech/m11/m11-186.wav
../../../small_vocabulary_/datas/TITML-IDN/Speech/m11/m11-187.wav
../../../small_vocabulary_/datas/TITML-IDN/Speech/m11/m11-188.wav
../../../small_vocabulary_/datas/TITML-IDN/Speech/m11/m11-189.wav
../../../small_vocabulary_/datas/TITML-IDN/Speech/m11/m11-190.wav
../../../small_vocabulary_/datas/TITML-IDN/Speech/m11/m11-191.wav
../../../small_vocabulary_/datas/TITML-IDN/Speech/m11/m11-192.wav
../../../small_vocabulary_/datas/TITML-IDN/Speech/m11/m11-193.wav
../../../small_vocabulary_/datas/TITML-IDN/Speech/m11/m11-194.wav
../../../small_vocabulary_/datas/TITML-IDN/Speech/m11/m11-195.wav
../../../small_vocabulary_/datas/TITML-IDN/Speech/m11/m11-196.wav
../../../small_vocabulary_/datas/TITML-IDN/Speech/m11/m11-197.wav
../../../small_vocabulary_/datas/TITML-IDN/Speech/m11/m11-198.wav
../../../small_vocabulary_/datas/TITML-IDN/Speech/m11/m11-199.wav
../../../small_vocabulary_/datas/TITML-IDN/Speech/m11/m11-200.wav
../../../small_vocabulary_/datas/TITML-IDN/Speech/m11/m11-201.wav
../../../small_vocabulary_/datas/TITML-IDN/Speech/m11/m11-202.wav
../../../small_vocabulary_/datas/TITML-IDN/Speech/m11/m11-203.wav
../../../small_vocabulary_/datas/TITML-IDN/Speech/m11/m11-204.wav
../../../small_vocabulary_/datas/TITML-IDN/Speech/m11/m11-205.wav
../../../small_vocabulary_/datas/TITML-IDN/Speech/m11/m11-206.wav
../../../small_vocabulary_/datas/TITML-IDN/Speech/m11/m11-207.wav
../../../small_vocabulary_/datas/TITML-IDN/Speech/m11/m11-208.wav
../../../small_vocabulary_/datas/TITML-IDN/Speech/m11/m11-209.wav
../../../small_vocabulary_/datas/TITML-IDN/Speech/m11/m11-210.wav
../../../small_vocabulary_/datas/TITML-IDN/Speech/m11/m11-211.wav
../../../small_vocabulary_/datas/TITML-IDN/Speech/m11/m11-212.wav
../../../small_vocabulary_/datas/TITML-IDN/Speech/m11/m11-213.wav
../../../small_vocabulary_/datas/TITML-IDN/Speech/m11/m11-214.wav
../../../small_vocabulary_/datas/TITML-IDN/Speech/m11/m11-215.wav
../../../small_vocabulary_/datas/TITML-IDN/Speech/m11/m11-216.wav
../../../small_vocabulary_/datas/TITML-IDN/Speech/m11/m11-217.wav
../../../small_vocabulary_/datas/TITML-IDN/Speech/m11/m11-218.wav
../../../small_vocabulary_/datas/TITML-IDN/Speech/m11/m11-219.wav
../../../small_vocabulary_/datas/TITML-IDN/Speech/m11/m11-220.wav
../../../small_vocabulary_/datas/TITML-IDN/Speech/m11/m11-221.wav
../../../small_vocabulary_/datas/TITML-IDN/Speech/m11/m11-222.wav
../../../small_vocabulary_/datas/TITML-IDN/Speech/m11/m11-223.wav
../../../small_vocabulary_/datas/TITML-IDN/Speech/m11/m11-224.wav
../../../small_vocabulary_/datas/TITML-IDN/Speech/m11/m11-225.wav
../../../small_vocabulary_/datas/TITML-IDN/Speech/m11/m11-226.wav
../../../small_vocabulary_/datas/TITML-IDN/Speech/m11/m11-227.wav
../../../small_vocabulary_/datas/TITML-IDN/Speech/m11/m11-228.wav
../../../small_vocabulary_/datas/TITML-IDN/Speech/m11/m11-229.wav
../../../small_vocabulary_/datas/TITML-IDN/Speech/m11/m11-230.wav
../../../small_vocabulary_/datas/TITML-IDN/Speech/m11/m11-231.wav
../../../small_vocabulary_/datas/TITML-IDN/Speech/m11/m11-232.wav
../../../small_vocabulary_/datas/TITML-IDN/Speech/m11/m11-233.wav
../../../small_vocabulary_/datas/TITML-IDN/Speech/m11/m11-234.wav
../../../small_vocabulary_/datas/TITML-IDN/Speech/m11/m11-235.wav
../../../small_vocabulary_/datas/TITML-IDN/Speech/m11/m11-236.wav
../../../small_vocabulary_/datas/TITML-IDN/Speech/m11/m11-237.wav
../../../small_vocabulary_/datas/TITML-IDN/Speech/m11/m11-238.wav
../../../small_vocabulary_/datas/TITML-IDN/Speech/m11/m11-239.wav
../../../small_vocabulary_/datas/TITML-IDN/Speech/m11/m11-240.wav
../../../small_vocabulary_/datas/TITML-IDN/Speech/m11/m11-241.wav
../../../small_vocabulary_/datas/TITML-IDN/Speech/m11/m11-242.wav
../../../small_vocabulary_/datas/TITML-IDN/Speech/m11/m11-243.wav
../../../small_vocabulary_/datas/TITML-IDN/Speech/m11/m11-244.wav
../../../small_vocabulary_/datas/TITML-IDN/Speech/m11/m11-245.wav
../../../small_vocabulary_/datas/TITML-IDN/Speech/m11/m11-246.wav
../../../small_vocabulary_/datas/TITML-IDN/Speech/m11/m11-247.wav
../../../small_vocabulary_/datas/TITML-IDN/Speech/m11/m11-248.wav
../../../small_vocabulary_/datas/TITML-IDN/Speech/m11/m11-249.wav
../../../small_vocabulary_/datas/TITML-IDN/Speech/m11/m11-250.wav
../../../small_vocabulary_/datas/TITML-IDN/Speech/m11/m11-251.wav
../../../small_vocabulary_/datas/TITML-IDN/Speech/m11/m11-252.wav
../../../small_vocabulary_/datas/TITML-IDN/Speech/m11/m11-253.wav
../../../small_vocabulary_/datas/TITML-IDN/Speech/m11/m11-254.wav
../../../small_vocabulary_/datas/TITML-IDN/Speech/m11/m11-255.wav
../../../small_vocabulary_/datas/TITML-IDN/Speech/m11/m11-256.wav
../../../small_vocabulary_/datas/TITML-IDN/Speech/m11/m11-257.wav
../../../small_vocabulary_/datas/TITML-IDN/Speech/m11/m11-258.wav
../../../small_vocabulary_/datas/TITML-IDN/Speech/m11/m11-259.wav
../../../small_vocabulary_/datas/TITML-IDN/Speech/m11/m11-260.wav
../../../small_vocabulary_/datas/TITML-IDN/Speech/m11/m11-261.wav
../../../small_vocabulary_/datas/TITML-IDN/Speech/m11/m11-262.wav
../../../small_vocabulary_/datas/TITML-IDN/Speech/m11/m11-263.wav
../../../small_vocabulary_/datas/TITML-IDN/Speech/m11/m11-264.wav
../../../small_vocabulary_/datas/TITML-IDN/Speech/m11/m11-265.wav
../../../small_vocabulary_/datas/TITML-IDN/Speech/m11/m11-266.wav
../../../small_vocabulary_/datas/TITML-IDN/Speech/m11/m11-267.wav
../../../small_vocabulary_/datas/TITML-IDN/Speech/m11/m11-268.wav
../../../small_vocabulary_/datas/TITML-IDN/Speech/m11/m11-269.wav
../../../small_vocabulary_/datas/TITML-IDN/Speech/m11/m11-270.wav
../../../small_vocabulary_/datas/TITML-IDN/Speech/m11/m11-271.wav
../../../small_vocabulary_/datas/TITML-IDN/Speech/m11/m11-272.wav
../../../small_vocabulary_/datas/TITML-IDN/Speech/m11/m11-273.wav
../../../small_vocabulary_/datas/TITML-IDN/Speech/m11/m11-274.wav
../../../small_vocabulary_/datas/TITML-IDN/Speech/m11/m11-275.wav
../../../small_vocabulary_/datas/TITML-IDN/Speech/m11/m11-276.wav
../../../small_vocabulary_/datas/TITML-IDN/Speech/m11/m11-277.wav
../../../small_vocabulary_/datas/TITML-IDN/Speech/m11/m11-278.wav
../../../small_vocabulary_/datas/TITML-IDN/Speech/m11/m11-279.wav
../../../small_vocabulary_/datas/TITML-IDN/Speech/m11/m11-280.wav
../../../small_vocabulary_/datas/TITML-IDN/Speech/m11/m11-281.wav
../../../small_vocabulary_/datas/TITML-IDN/Speech/m11/m11-282.wav
../../../small_vocabulary_/datas/TITML-IDN/Speech/m11/m11-283.wav
../../../small_vocabulary_/datas/TITML-IDN/Speech/m11/m11-284.wav
../../../small_vocabulary_/datas/TITML-IDN/Speech/m11/m11-285.wav
../../../small_vocabulary_/datas/TITML-IDN/Speech/m11/m11-286.wav
../../../small_vocabulary_/datas/TITML-IDN/Speech/m11/m11-287.wav
../../../small_vocabulary_/datas/TITML-IDN/Speech/m11/m11-288.wav
../../../small_vocabulary_/datas/TITML-IDN/Speech/m11/m11-289.wav
../../../small_vocabulary_/datas/TITML-IDN/Speech/m11/m11-290.wav
../../../small_vocabulary_/datas/TITML-IDN/Speech/m11/m11-291.wav
../../../small_vocabulary_/datas/TITML-IDN/Speech/m11/m11-292.wav
../../../small_vocabulary_/datas/TITML-IDN/Speech/m11/m11-293.wav
../../../small_vocabulary_/datas/TITML-IDN/Speech/m11/m11-294.wav
../../../small_vocabulary_/datas/TITML-IDN/Speech/m11/m11-295.wav
../../../small_vocabulary_/datas/TITML-IDN/Speech/m11/m11-296.wav
../../../small_vocabulary_/datas/TITML-IDN/Speech/m11/m11-297.wav
../../../small_vocabulary_/datas/TITML-IDN/Speech/m11/m11-298.wav
../../../small_vocabulary_/datas/TITML-IDN/Speech/m11/m11-299.wav
../../../small_vocabulary_/datas/TITML-IDN/Speech/m11/m11-300.wav
../../../small_vocabulary_/datas/TITML-IDN/Speech/m11/m11-301.wav
../../../small_vocabulary_/datas/TITML-IDN/Speech/m11/m11-302.wav
../../../small_vocabulary_/datas/TITML-IDN/Speech/m11/m11-303.wav
../../../small_vocabulary_/datas/TITML-IDN/Speech/m11/m11-304.wav
../../../small_vocabulary_/datas/TITML-IDN/Speech/m11/m11-305.wav
../../../small_vocabulary_/datas/TITML-IDN/Speech/m11/m11-306.wav
../../../small_vocabulary_/datas/TITML-IDN/Speech/m11/m11-307.wav
../../../small_vocabulary_/datas/TITML-IDN/Speech/m11/m11-308.wav
../../../small_vocabulary_/datas/TITML-IDN/Speech/m11/m11-309.wav
../../../small_vocabulary_/datas/TITML-IDN/Speech/m11/m11-310.wav
../../../small_vocabulary_/datas/TITML-IDN/Speech/m11/m11-311.wav
../../../small_vocabulary_/datas/TITML-IDN/Speech/m11/m11-312.wav
../../../small_vocabulary_/datas/TITML-IDN/Speech/m11/m11-313.wav
../../../small_vocabulary_/datas/TITML-IDN/Speech/m11/m11-314.wav
../../../small_vocabulary_/datas/TITML-IDN/Speech/m11/m11-315.wav
../../../small_vocabulary_/datas/TITML-IDN/Speech/m11/m11-316.wav
../../../small_vocabulary_/datas/TITML-IDN/Speech/m11/m11-317.wav
../../../small_vocabulary_/datas/TITML-IDN/Speech/m11/m11-318.wav
../../../small_vocabulary_/datas/TITML-IDN/Speech/m11/m11-319.wav
../../../small_vocabulary_/datas/TITML-IDN/Speech/m11/m11-320.wav
../../../small_vocabulary_/datas/TITML-IDN/Speech/m11/m11-321.wav
../../../small_vocabulary_/datas/TITML-IDN/Speech/m11/m11-322.wav
../../../small_vocabulary_/datas/TITML-IDN/Speech/m11/m11-323.wav
../../../small_vocabulary_/datas/TITML-IDN/Speech/m11/m11-324.wav
../../../small_vocabulary_/datas/TITML-IDN/Speech/m11/m11-325.wav
../../../small_vocabulary_/datas/TITML-IDN/Speech/m11/m11-326.wav
../../../small_vocabulary_/datas/TITML-IDN/Speech/m11/m11-327.wav
../../../small_vocabulary_/datas/TITML-IDN/Speech/m11/m11-328.wav
../../../small_vocabulary_/datas/TITML-IDN/Speech/m11/m11-329.wav
../../../small_vocabulary_/datas/TITML-IDN/Speech/m11/m11-330.wav
../../../small_vocabulary_/datas/TITML-IDN/Speech/m11/m11-331.wav
../../../small_vocabulary_/datas/TITML-IDN/Speech/m11/m11-332.wav
../../../small_vocabulary_/datas/TITML-IDN/Speech/m11/m11-333.wav
../../../small_vocabulary_/datas/TITML-IDN/Speech/m11/m11-334.wav
../../../small_vocabulary_/datas/TITML-IDN/Speech/m11/m11-335.wav
../../../small_vocabulary_/datas/TITML-IDN/Speech/m11/m11-336.wav
../../../small_vocabulary_/datas/TITML-IDN/Speech/m11/m11-337.wav
../../../small_vocabulary_/datas/TITML-IDN/Speech/m11/m11-338.wav
../../../small_vocabulary_/datas/TITML-IDN/Speech/m11/m11-339.wav
../../../small_vocabulary_/datas/TITML-IDN/Speech/m11/m11-340.wav
../../../small_vocabulary_/datas/TITML-IDN/Speech/m11/m11-341.wav
../../../small_vocabulary_/datas/TITML-IDN/Speech/m11/m11-342.wav
../../../small_vocabulary_/datas/TITML-IDN/Speech/m11/m11-343.wav
