../../../small_vocabulary_/datas/TITML-IDN/praat/male/m11-001.mfc
../../../small_vocabulary_/datas/TITML-IDN/praat/male/m11-002.mfc
../../../small_vocabulary_/datas/TITML-IDN/praat/male/m11-003.mfc
../../../small_vocabulary_/datas/TITML-IDN/praat/male/m11-004.mfc
../../../small_vocabulary_/datas/TITML-IDN/praat/male/m11-005.mfc
../../../small_vocabulary_/datas/TITML-IDN/praat/male/m11-006.mfc
../../../small_vocabulary_/datas/TITML-IDN/praat/male/m11-007.mfc
../../../small_vocabulary_/datas/TITML-IDN/praat/male/m11-008.mfc
../../../small_vocabulary_/datas/TITML-IDN/praat/male/m11-009.mfc
../../../small_vocabulary_/datas/TITML-IDN/praat/male/m11-010.mfc
../../../small_vocabulary_/datas/TITML-IDN/praat/male/m11-011.mfc
../../../small_vocabulary_/datas/TITML-IDN/praat/male/m11-012.mfc
../../../small_vocabulary_/datas/TITML-IDN/praat/male/m11-013.mfc
../../../small_vocabulary_/datas/TITML-IDN/praat/male/m11-014.mfc
../../../small_vocabulary_/datas/TITML-IDN/praat/male/m11-015.mfc
../../../small_vocabulary_/datas/TITML-IDN/praat/male/m11-016.mfc
../../../small_vocabulary_/datas/TITML-IDN/praat/male/m11-017.mfc
../../../small_vocabulary_/datas/TITML-IDN/praat/male/m11-018.mfc
../../../small_vocabulary_/datas/TITML-IDN/praat/male/m11-019.mfc
../../../small_vocabulary_/datas/TITML-IDN/praat/male/m11-020.mfc
../../../small_vocabulary_/datas/TITML-IDN/praat/male/m11-021.mfc
../../../small_vocabulary_/datas/TITML-IDN/praat/male/m11-022.mfc
../../../small_vocabulary_/datas/TITML-IDN/praat/male/m11-023.mfc
../../../small_vocabulary_/datas/TITML-IDN/praat/male/m11-024.mfc
../../../small_vocabulary_/datas/TITML-IDN/praat/male/m11-025.mfc
../../../small_vocabulary_/datas/TITML-IDN/praat/male/m11-026.mfc
../../../small_vocabulary_/datas/TITML-IDN/praat/male/m11-027.mfc
../../../small_vocabulary_/datas/TITML-IDN/praat/male/m11-028.mfc
../../../small_vocabulary_/datas/TITML-IDN/praat/male/m11-029.mfc
../../../small_vocabulary_/datas/TITML-IDN/praat/male/m11-030.mfc
../../../small_vocabulary_/datas/TITML-IDN/praat/male/m11-031.mfc
../../../small_vocabulary_/datas/TITML-IDN/praat/male/m11-032.mfc
../../../small_vocabulary_/datas/TITML-IDN/praat/male/m11-033.mfc
../../../small_vocabulary_/datas/TITML-IDN/praat/male/m11-034.mfc
../../../small_vocabulary_/datas/TITML-IDN/praat/male/m11-035.mfc
../../../small_vocabulary_/datas/TITML-IDN/praat/male/m11-036.mfc
../../../small_vocabulary_/datas/TITML-IDN/praat/male/m11-037.mfc
../../../small_vocabulary_/datas/TITML-IDN/praat/male/m11-038.mfc
../../../small_vocabulary_/datas/TITML-IDN/praat/male/m11-039.mfc
../../../small_vocabulary_/datas/TITML-IDN/praat/male/m11-040.mfc
../../../small_vocabulary_/datas/TITML-IDN/praat/male/m11-041.mfc
../../../small_vocabulary_/datas/TITML-IDN/praat/male/m11-042.mfc
../../../small_vocabulary_/datas/TITML-IDN/praat/male/m11-043.mfc
../../../small_vocabulary_/datas/TITML-IDN/praat/male/m11-044.mfc
../../../small_vocabulary_/datas/TITML-IDN/praat/male/m11-045.mfc
../../../small_vocabulary_/datas/TITML-IDN/praat/male/m11-046.mfc
../../../small_vocabulary_/datas/TITML-IDN/praat/male/m11-047.mfc
../../../small_vocabulary_/datas/TITML-IDN/praat/male/m11-048.mfc
../../../small_vocabulary_/datas/TITML-IDN/praat/male/m11-049.mfc
../../../small_vocabulary_/datas/TITML-IDN/praat/male/m11-050.mfc
../../../small_vocabulary_/datas/TITML-IDN/praat/male/m11-051.mfc
../../../small_vocabulary_/datas/TITML-IDN/praat/male/m11-052.mfc
../../../small_vocabulary_/datas/TITML-IDN/praat/male/m11-053.mfc
../../../small_vocabulary_/datas/TITML-IDN/praat/male/m11-054.mfc
../../../small_vocabulary_/datas/TITML-IDN/praat/male/m11-055.mfc
../../../small_vocabulary_/datas/TITML-IDN/praat/male/m11-056.mfc
../../../small_vocabulary_/datas/TITML-IDN/praat/male/m11-057.mfc
../../../small_vocabulary_/datas/TITML-IDN/praat/male/m11-058.mfc
../../../small_vocabulary_/datas/TITML-IDN/praat/male/m11-059.mfc
../../../small_vocabulary_/datas/TITML-IDN/praat/male/m11-060.mfc
../../../small_vocabulary_/datas/TITML-IDN/praat/male/m11-061.mfc
../../../small_vocabulary_/datas/TITML-IDN/praat/male/m11-062.mfc
../../../small_vocabulary_/datas/TITML-IDN/praat/male/m11-063.mfc
../../../small_vocabulary_/datas/TITML-IDN/praat/male/m11-064.mfc
../../../small_vocabulary_/datas/TITML-IDN/praat/male/m11-065.mfc
../../../small_vocabulary_/datas/TITML-IDN/praat/male/m11-066.mfc
../../../small_vocabulary_/datas/TITML-IDN/praat/male/m11-067.mfc
../../../small_vocabulary_/datas/TITML-IDN/praat/male/m11-068.mfc
../../../small_vocabulary_/datas/TITML-IDN/praat/male/m11-069.mfc
../../../small_vocabulary_/datas/TITML-IDN/praat/male/m11-070.mfc
../../../small_vocabulary_/datas/TITML-IDN/praat/male/m11-071.mfc
../../../small_vocabulary_/datas/TITML-IDN/praat/male/m11-072.mfc
../../../small_vocabulary_/datas/TITML-IDN/praat/male/m11-073.mfc
../../../small_vocabulary_/datas/TITML-IDN/praat/male/m11-074.mfc
../../../small_vocabulary_/datas/TITML-IDN/praat/male/m11-075.mfc
../../../small_vocabulary_/datas/TITML-IDN/praat/male/m11-076.mfc
../../../small_vocabulary_/datas/TITML-IDN/praat/male/m11-077.mfc
../../../small_vocabulary_/datas/TITML-IDN/praat/male/m11-078.mfc
../../../small_vocabulary_/datas/TITML-IDN/praat/male/m11-079.mfc
../../../small_vocabulary_/datas/TITML-IDN/praat/male/m11-080.mfc
../../../small_vocabulary_/datas/TITML-IDN/praat/male/m11-081.mfc
../../../small_vocabulary_/datas/TITML-IDN/praat/male/m11-082.mfc
../../../small_vocabulary_/datas/TITML-IDN/praat/male/m11-083.mfc
../../../small_vocabulary_/datas/TITML-IDN/praat/male/m11-084.mfc
../../../small_vocabulary_/datas/TITML-IDN/praat/male/m11-085.mfc
../../../small_vocabulary_/datas/TITML-IDN/praat/male/m11-086.mfc
../../../small_vocabulary_/datas/TITML-IDN/praat/male/m11-087.mfc
../../../small_vocabulary_/datas/TITML-IDN/praat/male/m11-088.mfc
../../../small_vocabulary_/datas/TITML-IDN/praat/male/m11-089.mfc
../../../small_vocabulary_/datas/TITML-IDN/praat/male/m11-090.mfc
../../../small_vocabulary_/datas/TITML-IDN/praat/male/m11-091.mfc
../../../small_vocabulary_/datas/TITML-IDN/praat/male/m11-092.mfc
../../../small_vocabulary_/datas/TITML-IDN/praat/male/m11-093.mfc
../../../small_vocabulary_/datas/TITML-IDN/praat/male/m11-094.mfc
../../../small_vocabulary_/datas/TITML-IDN/praat/male/m11-095.mfc
../../../small_vocabulary_/datas/TITML-IDN/praat/male/m11-096.mfc
../../../small_vocabulary_/datas/TITML-IDN/praat/male/m11-097.mfc
../../../small_vocabulary_/datas/TITML-IDN/praat/male/m11-098.mfc
../../../small_vocabulary_/datas/TITML-IDN/praat/male/m11-099.mfc
../../../small_vocabulary_/datas/TITML-IDN/praat/male/m11-100.mfc
../../../small_vocabulary_/datas/TITML-IDN/praat/male/m11-101.mfc
../../../small_vocabulary_/datas/TITML-IDN/praat/male/m11-102.mfc
../../../small_vocabulary_/datas/TITML-IDN/praat/male/m11-103.mfc
../../../small_vocabulary_/datas/TITML-IDN/praat/male/m11-104.mfc
../../../small_vocabulary_/datas/TITML-IDN/praat/male/m11-105.mfc
../../../small_vocabulary_/datas/TITML-IDN/praat/male/m11-106.mfc
../../../small_vocabulary_/datas/TITML-IDN/praat/male/m11-107.mfc
../../../small_vocabulary_/datas/TITML-IDN/praat/male/m11-108.mfc
../../../small_vocabulary_/datas/TITML-IDN/praat/male/m11-109.mfc
../../../small_vocabulary_/datas/TITML-IDN/praat/male/m11-110.mfc
../../../small_vocabulary_/datas/TITML-IDN/praat/male/m11-111.mfc
../../../small_vocabulary_/datas/TITML-IDN/praat/male/m11-112.mfc
../../../small_vocabulary_/datas/TITML-IDN/praat/male/m11-113.mfc
../../../small_vocabulary_/datas/TITML-IDN/praat/male/m11-114.mfc
../../../small_vocabulary_/datas/TITML-IDN/praat/male/m11-115.mfc
../../../small_vocabulary_/datas/TITML-IDN/praat/male/m11-116.mfc
../../../small_vocabulary_/datas/TITML-IDN/praat/male/m11-117.mfc
../../../small_vocabulary_/datas/TITML-IDN/praat/male/m11-118.mfc
../../../small_vocabulary_/datas/TITML-IDN/praat/male/m11-119.mfc
../../../small_vocabulary_/datas/TITML-IDN/praat/male/m11-120.mfc
../../../small_vocabulary_/datas/TITML-IDN/praat/male/m11-121.mfc
../../../small_vocabulary_/datas/TITML-IDN/praat/male/m11-122.mfc
../../../small_vocabulary_/datas/TITML-IDN/praat/male/m11-123.mfc
../../../small_vocabulary_/datas/TITML-IDN/praat/male/m11-124.mfc
../../../small_vocabulary_/datas/TITML-IDN/praat/male/m11-125.mfc
../../../small_vocabulary_/datas/TITML-IDN/praat/male/m11-126.mfc
../../../small_vocabulary_/datas/TITML-IDN/praat/male/m11-127.mfc
../../../small_vocabulary_/datas/TITML-IDN/praat/male/m11-128.mfc
../../../small_vocabulary_/datas/TITML-IDN/praat/male/m11-129.mfc
../../../small_vocabulary_/datas/TITML-IDN/praat/male/m11-130.mfc
../../../small_vocabulary_/datas/TITML-IDN/praat/male/m11-132.mfc
../../../small_vocabulary_/datas/TITML-IDN/praat/male/m11-133.mfc
../../../small_vocabulary_/datas/TITML-IDN/praat/male/m11-134.mfc
../../../small_vocabulary_/datas/TITML-IDN/praat/male/m11-135.mfc
../../../small_vocabulary_/datas/TITML-IDN/praat/male/m11-136.mfc
../../../small_vocabulary_/datas/TITML-IDN/praat/male/m11-137.mfc
../../../small_vocabulary_/datas/TITML-IDN/praat/male/m11-138.mfc
../../../small_vocabulary_/datas/TITML-IDN/praat/male/m11-139.mfc
../../../small_vocabulary_/datas/TITML-IDN/praat/male/m11-140.mfc
../../../small_vocabulary_/datas/TITML-IDN/praat/male/m11-141.mfc
../../../small_vocabulary_/datas/TITML-IDN/praat/male/m11-142.mfc
../../../small_vocabulary_/datas/TITML-IDN/praat/male/m11-143.mfc
../../../small_vocabulary_/datas/TITML-IDN/praat/male/m11-144.mfc
../../../small_vocabulary_/datas/TITML-IDN/praat/male/m11-145.mfc
../../../small_vocabulary_/datas/TITML-IDN/praat/male/m11-146.mfc
../../../small_vocabulary_/datas/TITML-IDN/praat/male/m11-147.mfc
../../../small_vocabulary_/datas/TITML-IDN/praat/male/m11-148.mfc
../../../small_vocabulary_/datas/TITML-IDN/praat/male/m11-149.mfc
../../../small_vocabulary_/datas/TITML-IDN/praat/male/m11-150.mfc
../../../small_vocabulary_/datas/TITML-IDN/praat/male/m11-151.mfc
../../../small_vocabulary_/datas/TITML-IDN/praat/male/m11-152.mfc
../../../small_vocabulary_/datas/TITML-IDN/praat/male/m11-153.mfc
../../../small_vocabulary_/datas/TITML-IDN/praat/male/m11-154.mfc
../../../small_vocabulary_/datas/TITML-IDN/praat/male/m11-155.mfc
../../../small_vocabulary_/datas/TITML-IDN/praat/male/m11-156.mfc
../../../small_vocabulary_/datas/TITML-IDN/praat/male/m11-157.mfc
../../../small_vocabulary_/datas/TITML-IDN/praat/male/m11-158.mfc
../../../small_vocabulary_/datas/TITML-IDN/praat/male/m11-159.mfc
../../../small_vocabulary_/datas/TITML-IDN/praat/male/m11-160.mfc
../../../small_vocabulary_/datas/TITML-IDN/praat/male/m11-161.mfc
../../../small_vocabulary_/datas/TITML-IDN/praat/male/m11-162.mfc
../../../small_vocabulary_/datas/TITML-IDN/praat/male/m11-163.mfc
../../../small_vocabulary_/datas/TITML-IDN/praat/male/m11-164.mfc
../../../small_vocabulary_/datas/TITML-IDN/praat/male/m11-165.mfc
../../../small_vocabulary_/datas/TITML-IDN/praat/male/m11-166.mfc
../../../small_vocabulary_/datas/TITML-IDN/praat/male/m11-167.mfc
../../../small_vocabulary_/datas/TITML-IDN/praat/male/m11-168.mfc
../../../small_vocabulary_/datas/TITML-IDN/praat/male/m11-169.mfc
../../../small_vocabulary_/datas/TITML-IDN/praat/male/m11-170.mfc
../../../small_vocabulary_/datas/TITML-IDN/praat/male/m11-171.mfc
../../../small_vocabulary_/datas/TITML-IDN/praat/male/m11-172.mfc
../../../small_vocabulary_/datas/TITML-IDN/praat/male/m11-173.mfc
../../../small_vocabulary_/datas/TITML-IDN/praat/male/m11-174.mfc
../../../small_vocabulary_/datas/TITML-IDN/praat/male/m11-175.mfc
../../../small_vocabulary_/datas/TITML-IDN/praat/male/m11-176.mfc
../../../small_vocabulary_/datas/TITML-IDN/praat/male/m11-177.mfc
../../../small_vocabulary_/datas/TITML-IDN/praat/male/m11-178.mfc
../../../small_vocabulary_/datas/TITML-IDN/praat/male/m11-179.mfc
../../../small_vocabulary_/datas/TITML-IDN/praat/male/m11-180.mfc
../../../small_vocabulary_/datas/TITML-IDN/praat/male/m11-181.mfc
../../../small_vocabulary_/datas/TITML-IDN/praat/male/m11-182.mfc
../../../small_vocabulary_/datas/TITML-IDN/praat/male/m11-183.mfc
../../../small_vocabulary_/datas/TITML-IDN/praat/male/m11-184.mfc
../../../small_vocabulary_/datas/TITML-IDN/praat/male/m11-185.mfc
../../../small_vocabulary_/datas/TITML-IDN/praat/male/m11-186.mfc
../../../small_vocabulary_/datas/TITML-IDN/praat/male/m11-187.mfc
../../../small_vocabulary_/datas/TITML-IDN/praat/male/m11-188.mfc
../../../small_vocabulary_/datas/TITML-IDN/praat/male/m11-189.mfc
../../../small_vocabulary_/datas/TITML-IDN/praat/male/m11-190.mfc
../../../small_vocabulary_/datas/TITML-IDN/praat/male/m11-191.mfc
../../../small_vocabulary_/datas/TITML-IDN/praat/male/m11-192.mfc
../../../small_vocabulary_/datas/TITML-IDN/praat/male/m11-193.mfc
../../../small_vocabulary_/datas/TITML-IDN/praat/male/m11-194.mfc
../../../small_vocabulary_/datas/TITML-IDN/praat/male/m11-195.mfc
../../../small_vocabulary_/datas/TITML-IDN/praat/male/m11-196.mfc
../../../small_vocabulary_/datas/TITML-IDN/praat/male/m11-197.mfc
../../../small_vocabulary_/datas/TITML-IDN/praat/male/m11-198.mfc
../../../small_vocabulary_/datas/TITML-IDN/praat/male/m11-199.mfc
../../../small_vocabulary_/datas/TITML-IDN/praat/male/m11-200.mfc
../../../small_vocabulary_/datas/TITML-IDN/praat/male/m11-201.mfc
../../../small_vocabulary_/datas/TITML-IDN/praat/male/m11-202.mfc
../../../small_vocabulary_/datas/TITML-IDN/praat/male/m11-203.mfc
../../../small_vocabulary_/datas/TITML-IDN/praat/male/m11-204.mfc
../../../small_vocabulary_/datas/TITML-IDN/praat/male/m11-205.mfc
../../../small_vocabulary_/datas/TITML-IDN/praat/male/m11-206.mfc
../../../small_vocabulary_/datas/TITML-IDN/praat/male/m11-207.mfc
../../../small_vocabulary_/datas/TITML-IDN/praat/male/m11-208.mfc
../../../small_vocabulary_/datas/TITML-IDN/praat/male/m11-209.mfc
../../../small_vocabulary_/datas/TITML-IDN/praat/male/m11-210.mfc
../../../small_vocabulary_/datas/TITML-IDN/praat/male/m11-211.mfc
../../../small_vocabulary_/datas/TITML-IDN/praat/male/m11-212.mfc
../../../small_vocabulary_/datas/TITML-IDN/praat/male/m11-213.mfc
../../../small_vocabulary_/datas/TITML-IDN/praat/male/m11-214.mfc
../../../small_vocabulary_/datas/TITML-IDN/praat/male/m11-215.mfc
../../../small_vocabulary_/datas/TITML-IDN/praat/male/m11-216.mfc
../../../small_vocabulary_/datas/TITML-IDN/praat/male/m11-217.mfc
../../../small_vocabulary_/datas/TITML-IDN/praat/male/m11-218.mfc
../../../small_vocabulary_/datas/TITML-IDN/praat/male/m11-219.mfc
../../../small_vocabulary_/datas/TITML-IDN/praat/male/m11-220.mfc
../../../small_vocabulary_/datas/TITML-IDN/praat/male/m11-221.mfc
../../../small_vocabulary_/datas/TITML-IDN/praat/male/m11-222.mfc
../../../small_vocabulary_/datas/TITML-IDN/praat/male/m11-223.mfc
../../../small_vocabulary_/datas/TITML-IDN/praat/male/m11-224.mfc
../../../small_vocabulary_/datas/TITML-IDN/praat/male/m11-225.mfc
../../../small_vocabulary_/datas/TITML-IDN/praat/male/m11-226.mfc
../../../small_vocabulary_/datas/TITML-IDN/praat/male/m11-227.mfc
../../../small_vocabulary_/datas/TITML-IDN/praat/male/m11-228.mfc
../../../small_vocabulary_/datas/TITML-IDN/praat/male/m11-229.mfc
../../../small_vocabulary_/datas/TITML-IDN/praat/male/m11-230.mfc
../../../small_vocabulary_/datas/TITML-IDN/praat/male/m11-231.mfc
../../../small_vocabulary_/datas/TITML-IDN/praat/male/m11-232.mfc
../../../small_vocabulary_/datas/TITML-IDN/praat/male/m11-233.mfc
../../../small_vocabulary_/datas/TITML-IDN/praat/male/m11-234.mfc
../../../small_vocabulary_/datas/TITML-IDN/praat/male/m11-235.mfc
../../../small_vocabulary_/datas/TITML-IDN/praat/male/m11-236.mfc
../../../small_vocabulary_/datas/TITML-IDN/praat/male/m11-237.mfc
../../../small_vocabulary_/datas/TITML-IDN/praat/male/m11-238.mfc
../../../small_vocabulary_/datas/TITML-IDN/praat/male/m11-239.mfc
../../../small_vocabulary_/datas/TITML-IDN/praat/male/m11-240.mfc
../../../small_vocabulary_/datas/TITML-IDN/praat/male/m11-241.mfc
../../../small_vocabulary_/datas/TITML-IDN/praat/male/m11-242.mfc
../../../small_vocabulary_/datas/TITML-IDN/praat/male/m11-243.mfc
../../../small_vocabulary_/datas/TITML-IDN/praat/male/m11-244.mfc
../../../small_vocabulary_/datas/TITML-IDN/praat/male/m11-245.mfc
../../../small_vocabulary_/datas/TITML-IDN/praat/male/m11-246.mfc
../../../small_vocabulary_/datas/TITML-IDN/praat/male/m11-247.mfc
../../../small_vocabulary_/datas/TITML-IDN/praat/male/m11-248.mfc
../../../small_vocabulary_/datas/TITML-IDN/praat/male/m11-249.mfc
../../../small_vocabulary_/datas/TITML-IDN/praat/male/m11-250.mfc
../../../small_vocabulary_/datas/TITML-IDN/praat/male/m11-251.mfc
../../../small_vocabulary_/datas/TITML-IDN/praat/male/m11-252.mfc
../../../small_vocabulary_/datas/TITML-IDN/praat/male/m11-253.mfc
../../../small_vocabulary_/datas/TITML-IDN/praat/male/m11-254.mfc
../../../small_vocabulary_/datas/TITML-IDN/praat/male/m11-255.mfc
../../../small_vocabulary_/datas/TITML-IDN/praat/male/m11-256.mfc
../../../small_vocabulary_/datas/TITML-IDN/praat/male/m11-257.mfc
../../../small_vocabulary_/datas/TITML-IDN/praat/male/m11-258.mfc
../../../small_vocabulary_/datas/TITML-IDN/praat/male/m11-259.mfc
../../../small_vocabulary_/datas/TITML-IDN/praat/male/m11-260.mfc
../../../small_vocabulary_/datas/TITML-IDN/praat/male/m11-261.mfc
../../../small_vocabulary_/datas/TITML-IDN/praat/male/m11-262.mfc
../../../small_vocabulary_/datas/TITML-IDN/praat/male/m11-263.mfc
../../../small_vocabulary_/datas/TITML-IDN/praat/male/m11-264.mfc
../../../small_vocabulary_/datas/TITML-IDN/praat/male/m11-265.mfc
../../../small_vocabulary_/datas/TITML-IDN/praat/male/m11-266.mfc
../../../small_vocabulary_/datas/TITML-IDN/praat/male/m11-267.mfc
../../../small_vocabulary_/datas/TITML-IDN/praat/male/m11-268.mfc
../../../small_vocabulary_/datas/TITML-IDN/praat/male/m11-269.mfc
../../../small_vocabulary_/datas/TITML-IDN/praat/male/m11-270.mfc
../../../small_vocabulary_/datas/TITML-IDN/praat/male/m11-271.mfc
../../../small_vocabulary_/datas/TITML-IDN/praat/male/m11-272.mfc
../../../small_vocabulary_/datas/TITML-IDN/praat/male/m11-273.mfc
../../../small_vocabulary_/datas/TITML-IDN/praat/male/m11-274.mfc
../../../small_vocabulary_/datas/TITML-IDN/praat/male/m11-275.mfc
../../../small_vocabulary_/datas/TITML-IDN/praat/male/m11-276.mfc
../../../small_vocabulary_/datas/TITML-IDN/praat/male/m11-277.mfc
../../../small_vocabulary_/datas/TITML-IDN/praat/male/m11-278.mfc
../../../small_vocabulary_/datas/TITML-IDN/praat/male/m11-279.mfc
../../../small_vocabulary_/datas/TITML-IDN/praat/male/m11-280.mfc
../../../small_vocabulary_/datas/TITML-IDN/praat/male/m11-281.mfc
../../../small_vocabulary_/datas/TITML-IDN/praat/male/m11-282.mfc
../../../small_vocabulary_/datas/TITML-IDN/praat/male/m11-283.mfc
../../../small_vocabulary_/datas/TITML-IDN/praat/male/m11-284.mfc
../../../small_vocabulary_/datas/TITML-IDN/praat/male/m11-285.mfc
../../../small_vocabulary_/datas/TITML-IDN/praat/male/m11-286.mfc
../../../small_vocabulary_/datas/TITML-IDN/praat/male/m11-287.mfc
../../../small_vocabulary_/datas/TITML-IDN/praat/male/m11-288.mfc
../../../small_vocabulary_/datas/TITML-IDN/praat/male/m11-289.mfc
../../../small_vocabulary_/datas/TITML-IDN/praat/male/m11-290.mfc
../../../small_vocabulary_/datas/TITML-IDN/praat/male/m11-291.mfc
../../../small_vocabulary_/datas/TITML-IDN/praat/male/m11-292.mfc
../../../small_vocabulary_/datas/TITML-IDN/praat/male/m11-293.mfc
../../../small_vocabulary_/datas/TITML-IDN/praat/male/m11-294.mfc
../../../small_vocabulary_/datas/TITML-IDN/praat/male/m11-295.mfc
../../../small_vocabulary_/datas/TITML-IDN/praat/male/m11-296.mfc
../../../small_vocabulary_/datas/TITML-IDN/praat/male/m11-297.mfc
../../../small_vocabulary_/datas/TITML-IDN/praat/male/m11-298.mfc
../../../small_vocabulary_/datas/TITML-IDN/praat/male/m11-299.mfc
../../../small_vocabulary_/datas/TITML-IDN/praat/male/m11-300.mfc
../../../small_vocabulary_/datas/TITML-IDN/praat/male/m11-301.mfc
../../../small_vocabulary_/datas/TITML-IDN/praat/male/m11-302.mfc
../../../small_vocabulary_/datas/TITML-IDN/praat/male/m11-303.mfc
../../../small_vocabulary_/datas/TITML-IDN/praat/male/m11-304.mfc
../../../small_vocabulary_/datas/TITML-IDN/praat/male/m11-305.mfc
../../../small_vocabulary_/datas/TITML-IDN/praat/male/m11-306.mfc
../../../small_vocabulary_/datas/TITML-IDN/praat/male/m11-307.mfc
../../../small_vocabulary_/datas/TITML-IDN/praat/male/m11-308.mfc
../../../small_vocabulary_/datas/TITML-IDN/praat/male/m11-309.mfc
../../../small_vocabulary_/datas/TITML-IDN/praat/male/m11-310.mfc
../../../small_vocabulary_/datas/TITML-IDN/praat/male/m11-311.mfc
../../../small_vocabulary_/datas/TITML-IDN/praat/male/m11-312.mfc
../../../small_vocabulary_/datas/TITML-IDN/praat/male/m11-313.mfc
../../../small_vocabulary_/datas/TITML-IDN/praat/male/m11-314.mfc
../../../small_vocabulary_/datas/TITML-IDN/praat/male/m11-315.mfc
../../../small_vocabulary_/datas/TITML-IDN/praat/male/m11-316.mfc
../../../small_vocabulary_/datas/TITML-IDN/praat/male/m11-317.mfc
../../../small_vocabulary_/datas/TITML-IDN/praat/male/m11-318.mfc
../../../small_vocabulary_/datas/TITML-IDN/praat/male/m11-319.mfc
../../../small_vocabulary_/datas/TITML-IDN/praat/male/m11-320.mfc
../../../small_vocabulary_/datas/TITML-IDN/praat/male/m11-321.mfc
../../../small_vocabulary_/datas/TITML-IDN/praat/male/m11-322.mfc
../../../small_vocabulary_/datas/TITML-IDN/praat/male/m11-323.mfc
../../../small_vocabulary_/datas/TITML-IDN/praat/male/m11-324.mfc
../../../small_vocabulary_/datas/TITML-IDN/praat/male/m11-325.mfc
../../../small_vocabulary_/datas/TITML-IDN/praat/male/m11-326.mfc
../../../small_vocabulary_/datas/TITML-IDN/praat/male/m11-327.mfc
../../../small_vocabulary_/datas/TITML-IDN/praat/male/m11-328.mfc
../../../small_vocabulary_/datas/TITML-IDN/praat/male/m11-329.mfc
../../../small_vocabulary_/datas/TITML-IDN/praat/male/m11-330.mfc
../../../small_vocabulary_/datas/TITML-IDN/praat/male/m11-331.mfc
../../../small_vocabulary_/datas/TITML-IDN/praat/male/m11-332.mfc
../../../small_vocabulary_/datas/TITML-IDN/praat/male/m11-333.mfc
../../../small_vocabulary_/datas/TITML-IDN/praat/male/m11-334.mfc
../../../small_vocabulary_/datas/TITML-IDN/praat/male/m11-335.mfc
../../../small_vocabulary_/datas/TITML-IDN/praat/male/m11-336.mfc
../../../small_vocabulary_/datas/TITML-IDN/praat/male/m11-337.mfc
../../../small_vocabulary_/datas/TITML-IDN/praat/male/m11-338.mfc
../../../small_vocabulary_/datas/TITML-IDN/praat/male/m11-339.mfc
../../../small_vocabulary_/datas/TITML-IDN/praat/male/m11-340.mfc
../../../small_vocabulary_/datas/TITML-IDN/praat/male/m11-341.mfc
../../../small_vocabulary_/datas/TITML-IDN/praat/male/m11-342.mfc
../../../small_vocabulary_/datas/TITML-IDN/praat/male/m11-343.mfc
