../../../small_vocabulary_/datas/TITML-IDN/praat/male/m11-001.mfc
../../../small_vocabulary_/datas/TITML-IDN/praat/male/m11-002.mfc
../../../small_vocabulary_/datas/TITML-IDN/praat/male/m11-003.mfc
../../../small_vocabulary_/datas/TITML-IDN/praat/male/m11-004.mfc
../../../small_vocabulary_/datas/TITML-IDN/praat/male/m11-005.mfc
../../../small_vocabulary_/datas/TITML-IDN/praat/male/m11-006.mfc
../../../small_vocabulary_/datas/TITML-IDN/praat/male/m11-007.mfc
../../../small_vocabulary_/datas/TITML-IDN/praat/male/m11-008.mfc
../../../small_vocabulary_/datas/TITML-IDN/praat/male/m11-009.mfc
../../../small_vocabulary_/datas/TITML-IDN/praat/male/m11-010.mfc
../../../small_vocabulary_/datas/TITML-IDN/praat/male/m11-011.mfc
../../../small_vocabulary_/datas/TITML-IDN/praat/male/m11-012.mfc
../../../small_vocabulary_/datas/TITML-IDN/praat/male/m11-013.mfc
../../../small_vocabulary_/datas/TITML-IDN/praat/male/m11-014.mfc
../../../small_vocabulary_/datas/TITML-IDN/praat/male/m11-015.mfc
../../../small_vocabulary_/datas/TITML-IDN/praat/male/m11-016.mfc
../../../small_vocabulary_/datas/TITML-IDN/praat/male/m11-017.mfc
../../../small_vocabulary_/datas/TITML-IDN/praat/male/m11-018.mfc
../../../small_vocabulary_/datas/TITML-IDN/praat/male/m11-019.mfc
../../../small_vocabulary_/datas/TITML-IDN/praat/male/m11-020.mfc
../../../small_vocabulary_/datas/TITML-IDN/praat/male/m11-021.mfc
../../../small_vocabulary_/datas/TITML-IDN/praat/male/m11-022.mfc
../../../small_vocabulary_/datas/TITML-IDN/praat/male/m11-023.mfc
../../../small_vocabulary_/datas/TITML-IDN/praat/male/m11-024.mfc
../../../small_vocabulary_/datas/TITML-IDN/praat/male/m11-025.mfc
../../../small_vocabulary_/datas/TITML-IDN/praat/male/m11-026.mfc
../../../small_vocabulary_/datas/TITML-IDN/praat/male/m11-027.mfc
../../../small_vocabulary_/datas/TITML-IDN/praat/male/m11-028.mfc
../../../small_vocabulary_/datas/TITML-IDN/praat/male/m11-029.mfc
../../../small_vocabulary_/datas/TITML-IDN/praat/male/m11-030.mfc
../../../small_vocabulary_/datas/TITML-IDN/praat/male/m11-031.mfc
../../../small_vocabulary_/datas/TITML-IDN/praat/male/m11-032.mfc
../../../small_vocabulary_/datas/TITML-IDN/praat/male/m11-033.mfc
../../../small_vocabulary_/datas/TITML-IDN/praat/male/m11-034.mfc
../../../small_vocabulary_/datas/TITML-IDN/praat/male/m11-035.mfc
../../../small_vocabulary_/datas/TITML-IDN/praat/male/m11-036.mfc
../../../small_vocabulary_/datas/TITML-IDN/praat/male/m11-037.mfc
../../../small_vocabulary_/datas/TITML-IDN/praat/male/m11-038.mfc
../../../small_vocabulary_/datas/TITML-IDN/praat/male/m11-039.mfc
../../../small_vocabulary_/datas/TITML-IDN/praat/male/m11-040.mfc
../../../small_vocabulary_/datas/TITML-IDN/praat/male/m11-041.mfc
../../../small_vocabulary_/datas/TITML-IDN/praat/male/m11-042.mfc
../../../small_vocabulary_/datas/TITML-IDN/praat/male/m11-043.mfc
../../../small_vocabulary_/datas/TITML-IDN/praat/male/m11-044.mfc
../../../small_vocabulary_/datas/TITML-IDN/praat/male/m11-045.mfc
../../../small_vocabulary_/datas/TITML-IDN/praat/male/m11-046.mfc
../../../small_vocabulary_/datas/TITML-IDN/praat/male/m11-047.mfc
../../../small_vocabulary_/datas/TITML-IDN/praat/male/m11-048.mfc
../../../small_vocabulary_/datas/TITML-IDN/praat/male/m11-049.mfc
../../../small_vocabulary_/datas/TITML-IDN/praat/male/m11-050.mfc
../../../small_vocabulary_/datas/TITML-IDN/praat/male/m11-051.mfc
../../../small_vocabulary_/datas/TITML-IDN/praat/male/m11-052.mfc
../../../small_vocabulary_/datas/TITML-IDN/praat/male/m11-053.mfc
../../../small_vocabulary_/datas/TITML-IDN/praat/male/m11-054.mfc
../../../small_vocabulary_/datas/TITML-IDN/praat/male/m11-055.mfc
../../../small_vocabulary_/datas/TITML-IDN/praat/male/m11-056.mfc
../../../small_vocabulary_/datas/TITML-IDN/praat/male/m11-057.mfc
../../../small_vocabulary_/datas/TITML-IDN/praat/male/m11-058.mfc
../../../small_vocabulary_/datas/TITML-IDN/praat/male/m11-059.mfc
../../../small_vocabulary_/datas/TITML-IDN/praat/male/m11-060.mfc
../../../small_vocabulary_/datas/TITML-IDN/praat/male/m11-061.mfc
../../../small_vocabulary_/datas/TITML-IDN/praat/male/m11-062.mfc
../../../small_vocabulary_/datas/TITML-IDN/praat/male/m11-063.mfc
../../../small_vocabulary_/datas/TITML-IDN/praat/male/m11-064.mfc
../../../small_vocabulary_/datas/TITML-IDN/praat/male/m11-065.mfc
../../../small_vocabulary_/datas/TITML-IDN/praat/male/m11-066.mfc
../../../small_vocabulary_/datas/TITML-IDN/praat/male/m11-067.mfc
../../../small_vocabulary_/datas/TITML-IDN/praat/male/m11-068.mfc
../../../small_vocabulary_/datas/TITML-IDN/praat/male/m11-069.mfc
../../../small_vocabulary_/datas/TITML-IDN/praat/male/m11-070.mfc
../../../small_vocabulary_/datas/TITML-IDN/praat/male/m11-071.mfc
../../../small_vocabulary_/datas/TITML-IDN/praat/male/m11-072.mfc
../../../small_vocabulary_/datas/TITML-IDN/praat/male/m11-073.mfc
../../../small_vocabulary_/datas/TITML-IDN/praat/male/m11-074.mfc
../../../small_vocabulary_/datas/TITML-IDN/praat/male/m11-075.mfc
../../../small_vocabulary_/datas/TITML-IDN/praat/male/m11-076.mfc
../../../small_vocabulary_/datas/TITML-IDN/praat/male/m11-077.mfc
../../../small_vocabulary_/datas/TITML-IDN/praat/male/m11-078.mfc
../../../small_vocabulary_/datas/TITML-IDN/praat/male/m11-079.mfc
../../../small_vocabulary_/datas/TITML-IDN/praat/male/m11-080.mfc
../../../small_vocabulary_/datas/TITML-IDN/praat/male/m11-081.mfc
../../../small_vocabulary_/datas/TITML-IDN/praat/male/m11-082.mfc
../../../small_vocabulary_/datas/TITML-IDN/praat/male/m11-083.mfc
../../../small_vocabulary_/datas/TITML-IDN/praat/male/m11-084.mfc
../../../small_vocabulary_/datas/TITML-IDN/praat/male/m11-085.mfc
../../../small_vocabulary_/datas/TITML-IDN/praat/male/m11-086.mfc
../../../small_vocabulary_/datas/TITML-IDN/praat/male/m11-087.mfc
../../../small_vocabulary_/datas/TITML-IDN/praat/male/m11-088.mfc
../../../small_vocabulary_/datas/TITML-IDN/praat/male/m11-089.mfc
../../../small_vocabulary_/datas/TITML-IDN/praat/male/m11-090.mfc
../../../small_vocabulary_/datas/TITML-IDN/praat/male/m11-091.mfc
../../../small_vocabulary_/datas/TITML-IDN/praat/male/m11-092.mfc
../../../small_vocabulary_/datas/TITML-IDN/praat/male/m11-093.mfc
../../../small_vocabulary_/datas/TITML-IDN/praat/male/m11-094.mfc
../../../small_vocabulary_/datas/TITML-IDN/praat/male/m11-095.mfc
../../../small_vocabulary_/datas/TITML-IDN/praat/male/m11-096.mfc
../../../small_vocabulary_/datas/TITML-IDN/praat/male/m11-097.mfc
../../../small_vocabulary_/datas/TITML-IDN/praat/male/m11-098.mfc
../../../small_vocabulary_/datas/TITML-IDN/praat/male/m11-099.mfc
../../../small_vocabulary_/datas/TITML-IDN/praat/male/m11-100.mfc
../../../small_vocabulary_/datas/TITML-IDN/praat/male/m11-101.mfc
../../../small_vocabulary_/datas/TITML-IDN/praat/male/m11-102.mfc
../../../small_vocabulary_/datas/TITML-IDN/praat/male/m11-103.mfc
../../../small_vocabulary_/datas/TITML-IDN/praat/male/m11-104.mfc
../../../small_vocabulary_/datas/TITML-IDN/praat/male/m11-105.mfc
../../../small_vocabulary_/datas/TITML-IDN/praat/male/m11-106.mfc
../../../small_vocabulary_/datas/TITML-IDN/praat/male/m11-107.mfc
../../../small_vocabulary_/datas/TITML-IDN/praat/male/m11-108.mfc
../../../small_vocabulary_/datas/TITML-IDN/praat/male/m11-109.mfc
../../../small_vocabulary_/datas/TITML-IDN/praat/male/m11-110.mfc
../../../small_vocabulary_/datas/TITML-IDN/praat/male/m11-111.mfc
../../../small_vocabulary_/datas/TITML-IDN/praat/male/m11-112.mfc
../../../small_vocabulary_/datas/TITML-IDN/praat/male/m11-113.mfc
../../../small_vocabulary_/datas/TITML-IDN/praat/male/m11-114.mfc
../../../small_vocabulary_/datas/TITML-IDN/praat/male/m11-115.mfc
../../../small_vocabulary_/datas/TITML-IDN/praat/male/m11-116.mfc
../../../small_vocabulary_/datas/TITML-IDN/praat/male/m11-117.mfc
../../../small_vocabulary_/datas/TITML-IDN/praat/male/m11-118.mfc
../../../small_vocabulary_/datas/TITML-IDN/praat/male/m11-119.mfc
../../../small_vocabulary_/datas/TITML-IDN/praat/male/m11-120.mfc
../../../small_vocabulary_/datas/TITML-IDN/praat/male/m11-121.mfc
../../../small_vocabulary_/datas/TITML-IDN/praat/male/m11-122.mfc
../../../small_vocabulary_/datas/TITML-IDN/praat/male/m11-123.mfc
../../../small_vocabulary_/datas/TITML-IDN/praat/male/m11-124.mfc
../../../small_vocabulary_/datas/TITML-IDN/praat/male/m11-125.mfc
../../../small_vocabulary_/datas/TITML-IDN/praat/male/m11-126.mfc
../../../small_vocabulary_/datas/TITML-IDN/praat/male/m11-127.mfc
../../../small_vocabulary_/datas/TITML-IDN/praat/male/m11-128.mfc
../../../small_vocabulary_/datas/TITML-IDN/praat/male/m11-129.mfc
../../../small_vocabulary_/datas/TITML-IDN/praat/male/m11-130.mfc
../../../small_vocabulary_/datas/TITML-IDN/praat/male/m11-132.mfc
../../../small_vocabulary_/datas/TITML-IDN/praat/male/m11-133.mfc
../../../small_vocabulary_/datas/TITML-IDN/praat/male/m11-134.mfc
../../../small_vocabulary_/datas/TITML-IDN/praat/male/m11-135.mfc
../../../small_vocabulary_/datas/TITML-IDN/praat/male/m11-136.mfc
../../../small_vocabulary_/datas/TITML-IDN/praat/male/m11-137.mfc
../../../small_vocabulary_/datas/TITML-IDN/praat/male/m11-138.mfc
../../../small_vocabulary_/datas/TITML-IDN/praat/male/m11-139.mfc
../../../small_vocabulary_/datas/TITML-IDN/praat/male/m11-140.mfc
../../../small_vocabulary_/datas/TITML-IDN/praat/male/m11-141.mfc
../../../small_vocabulary_/datas/TITML-IDN/praat/male/m11-142.mfc
../../../small_vocabulary_/datas/TITML-IDN/praat/male/m11-143.mfc
../../../small_vocabulary_/datas/TITML-IDN/praat/male/m11-144.mfc
../../../small_vocabulary_/datas/TITML-IDN/praat/male/m11-145.mfc
../../../small_vocabulary_/datas/TITML-IDN/praat/male/m11-146.mfc
../../../small_vocabulary_/datas/TITML-IDN/praat/male/m11-147.mfc
../../../small_vocabulary_/datas/TITML-IDN/praat/male/m11-148.mfc
../../../small_vocabulary_/datas/TITML-IDN/praat/male/m11-149.mfc
../../../small_vocabulary_/datas/TITML-IDN/praat/male/m11-150.mfc
../../../small_vocabulary_/datas/TITML-IDN/praat/male/m11-151.mfc
../../../small_vocabulary_/datas/TITML-IDN/praat/male/m11-152.mfc
../../../small_vocabulary_/datas/TITML-IDN/praat/male/m11-153.mfc
../../../small_vocabulary_/datas/TITML-IDN/praat/male/m11-154.mfc
../../../small_vocabulary_/datas/TITML-IDN/praat/male/m11-155.mfc
../../../small_vocabulary_/datas/TITML-IDN/praat/male/m11-156.mfc
../../../small_vocabulary_/datas/TITML-IDN/praat/male/m11-157.mfc
../../../small_vocabulary_/datas/TITML-IDN/praat/male/m11-158.mfc
../../../small_vocabulary_/datas/TITML-IDN/praat/male/m11-159.mfc
../../../small_vocabulary_/datas/TITML-IDN/praat/male/m11-160.mfc
../../../small_vocabulary_/datas/TITML-IDN/praat/male/m11-161.mfc
../../../small_vocabulary_/datas/TITML-IDN/praat/male/m11-162.mfc
../../../small_vocabulary_/datas/TITML-IDN/praat/male/m11-163.mfc
../../../small_vocabulary_/datas/TITML-IDN/praat/male/m11-164.mfc
../../../small_vocabulary_/datas/TITML-IDN/praat/male/m11-165.mfc
../../../small_vocabulary_/datas/TITML-IDN/praat/male/m11-166.mfc
../../../small_vocabulary_/datas/TITML-IDN/praat/male/m11-167.mfc
../../../small_vocabulary_/datas/TITML-IDN/praat/male/m11-168.mfc
../../../small_vocabulary_/datas/TITML-IDN/praat/male/m11-169.mfc
../../../small_vocabulary_/datas/TITML-IDN/praat/male/m11-170.mfc
../../../small_vocabulary_/datas/TITML-IDN/praat/male/m11-171.mfc
../../../small_vocabulary_/datas/TITML-IDN/praat/male/m11-172.mfc
../../../small_vocabulary_/datas/TITML-IDN/praat/male/m11-173.mfc
../../../small_vocabulary_/datas/TITML-IDN/praat/male/m11-174.mfc
../../../small_vocabulary_/datas/TITML-IDN/praat/male/m11-175.mfc
../../../small_vocabulary_/datas/TITML-IDN/praat/male/m11-176.mfc
../../../small_vocabulary_/datas/TITML-IDN/praat/male/m11-177.mfc
../../../small_vocabulary_/datas/TITML-IDN/praat/male/m11-178.mfc
../../../small_vocabulary_/datas/TITML-IDN/praat/male/m11-179.mfc
../../../small_vocabulary_/datas/TITML-IDN/praat/male/m11-180.mfc
../../../small_vocabulary_/datas/TITML-IDN/praat/male/m11-181.mfc
../../../small_vocabulary_/datas/TITML-IDN/praat/male/m11-182.mfc
../../../small_vocabulary_/datas/TITML-IDN/praat/male/m11-183.mfc
../../../small_vocabulary_/datas/TITML-IDN/praat/male/m11-184.mfc
../../../small_vocabulary_/datas/TITML-IDN/praat/male/m11-185.mfc
../../../small_vocabulary_/datas/TITML-IDN/praat/male/m11-186.mfc
../../../small_vocabulary_/datas/TITML-IDN/praat/male/m11-187.mfc
../../../small_vocabulary_/datas/TITML-IDN/praat/male/m11-188.mfc
../../../small_vocabulary_/datas/TITML-IDN/praat/male/m11-189.mfc
../../../small_vocabulary_/datas/TITML-IDN/praat/male/m11-190.mfc
../../../small_vocabulary_/datas/TITML-IDN/praat/male/m11-191.mfc
../../../small_vocabulary_/datas/TITML-IDN/praat/male/m11-192.mfc
../../../small_vocabulary_/datas/TITML-IDN/praat/male/m11-193.mfc
../../../small_vocabulary_/datas/TITML-IDN/praat/male/m11-194.mfc
../../../small_vocabulary_/datas/TITML-IDN/praat/male/m11-195.mfc
../../../small_vocabulary_/datas/TITML-IDN/praat/male/m11-196.mfc
../../../small_vocabulary_/datas/TITML-IDN/praat/male/m11-197.mfc
../../../small_vocabulary_/datas/TITML-IDN/praat/male/m11-198.mfc
../../../small_vocabulary_/datas/TITML-IDN/praat/male/m11-199.mfc
../../../small_vocabulary_/datas/TITML-IDN/praat/male/m11-200.mfc
../../../small_vocabulary_/datas/TITML-IDN/praat/male/m11-201.mfc
../../../small_vocabulary_/datas/TITML-IDN/praat/male/m11-202.mfc
../../../small_vocabulary_/datas/TITML-IDN/praat/male/m11-203.mfc
../../../small_vocabulary_/datas/TITML-IDN/praat/male/m11-204.mfc
../../../small_vocabulary_/datas/TITML-IDN/praat/male/m11-205.mfc
../../../small_vocabulary_/datas/TITML-IDN/praat/male/m11-206.mfc
../../../small_vocabulary_/datas/TITML-IDN/praat/male/m11-207.mfc
../../../small_vocabulary_/datas/TITML-IDN/praat/male/m11-208.mfc
../../../small_vocabulary_/datas/TITML-IDN/praat/male/m11-209.mfc
../../../small_vocabulary_/datas/TITML-IDN/praat/male/m11-210.mfc
../../../small_vocabulary_/datas/TITML-IDN/praat/male/m11-211.mfc
../../../small_vocabulary_/datas/TITML-IDN/praat/male/m11-212.mfc
../../../small_vocabulary_/datas/TITML-IDN/praat/male/m11-213.mfc
../../../small_vocabulary_/datas/TITML-IDN/praat/male/m11-214.mfc
../../../small_vocabulary_/datas/TITML-IDN/praat/male/m11-215.mfc
../../../small_vocabulary_/datas/TITML-IDN/praat/male/m11-216.mfc
../../../small_vocabulary_/datas/TITML-IDN/praat/male/m11-217.mfc
../../../small_vocabulary_/datas/TITML-IDN/praat/male/m11-218.mfc
../../../small_vocabulary_/datas/TITML-IDN/praat/male/m11-219.mfc
../../../small_vocabulary_/datas/TITML-IDN/praat/male/m11-220.mfc
../../../small_vocabulary_/datas/TITML-IDN/praat/male/m11-221.mfc
../../../small_vocabulary_/datas/TITML-IDN/praat/male/m11-222.mfc
../../../small_vocabulary_/datas/TITML-IDN/praat/male/m11-223.mfc
../../../small_vocabulary_/datas/TITML-IDN/praat/male/m11-224.mfc
../../../small_vocabulary_/datas/TITML-IDN/praat/male/m11-225.mfc
../../../small_vocabulary_/datas/TITML-IDN/praat/male/m11-226.mfc
../../../small_vocabulary_/datas/TITML-IDN/praat/male/m11-227.mfc
../../../small_vocabulary_/datas/TITML-IDN/praat/male/m11-228.mfc
../../../small_vocabulary_/datas/TITML-IDN/praat/male/m11-229.mfc
../../../small_vocabulary_/datas/TITML-IDN/praat/male/m11-230.mfc
../../../small_vocabulary_/datas/TITML-IDN/praat/male/m11-231.mfc
../../../small_vocabulary_/datas/TITML-IDN/praat/male/m11-232.mfc
../../../small_vocabulary_/datas/TITML-IDN/praat/male/m11-233.mfc
../../../small_vocabulary_/datas/TITML-IDN/praat/male/m11-234.mfc
../../../small_vocabulary_/datas/TITML-IDN/praat/male/m11-235.mfc
../../../small_vocabulary_/datas/TITML-IDN/praat/male/m11-236.mfc
../../../small_vocabulary_/datas/TITML-IDN/praat/male/m11-237.mfc
../../../small_vocabulary_/datas/TITML-IDN/praat/male/m11-238.mfc
../../../small_vocabulary_/datas/TITML-IDN/praat/male/m11-239.mfc
../../../small_vocabulary_/datas/TITML-IDN/praat/male/m11-240.mfc
../../../small_vocabulary_/datas/TITML-IDN/praat/male/m11-241.mfc
../../../small_vocabulary_/datas/TITML-IDN/praat/male/m11-242.mfc
../../../small_vocabulary_/datas/TITML-IDN/praat/male/m11-243.mfc
../../../small_vocabulary_/datas/TITML-IDN/praat/male/m11-244.mfc
../../../small_vocabulary_/datas/TITML-IDN/praat/male/m11-245.mfc
../../../small_vocabulary_/datas/TITML-IDN/praat/male/m11-246.mfc
../../../small_vocabulary_/datas/TITML-IDN/praat/male/m11-247.mfc
../../../small_vocabulary_/datas/TITML-IDN/praat/male/m11-248.mfc
../../../small_vocabulary_/datas/TITML-IDN/praat/male/m11-249.mfc
../../../small_vocabulary_/datas/TITML-IDN/praat/male/m11-250.mfc
../../../small_vocabulary_/datas/TITML-IDN/praat/male/m11-251.mfc
../../../small_vocabulary_/datas/TITML-IDN/praat/male/m11-252.mfc
../../../small_vocabulary_/datas/TITML-IDN/praat/male/m11-253.mfc
../../../small_vocabulary_/datas/TITML-IDN/praat/male/m11-254.mfc
../../../small_vocabulary_/datas/TITML-IDN/praat/male/m11-255.mfc
../../../small_vocabulary_/datas/TITML-IDN/praat/male/m11-256.mfc
../../../small_vocabulary_/datas/TITML-IDN/praat/male/m11-257.mfc
../../../small_vocabulary_/datas/TITML-IDN/praat/male/m11-258.mfc
../../../small_vocabulary_/datas/TITML-IDN/praat/male/m11-259.mfc
../../../small_vocabulary_/datas/TITML-IDN/praat/male/m11-260.mfc
../../../small_vocabulary_/datas/TITML-IDN/praat/male/m11-261.mfc
../../../small_vocabulary_/datas/TITML-IDN/praat/male/m11-262.mfc
../../../small_vocabulary_/datas/TITML-IDN/praat/male/m11-263.mfc
../../../small_vocabulary_/datas/TITML-IDN/praat/male/m11-264.mfc
../../../small_vocabulary_/datas/TITML-IDN/praat/male/m11-265.mfc
../../../small_vocabulary_/datas/TITML-IDN/praat/male/m11-266.mfc
../../../small_vocabulary_/datas/TITML-IDN/praat/male/m11-267.mfc
../../../small_vocabulary_/datas/TITML-IDN/praat/male/m11-268.mfc
../../../small_vocabulary_/datas/TITML-IDN/praat/male/m11-269.mfc
../../../small_vocabulary_/datas/TITML-IDN/praat/male/m11-270.mfc
../../../small_vocabulary_/datas/TITML-IDN/praat/male/m11-271.mfc
../../../small_vocabulary_/datas/TITML-IDN/praat/male/m11-272.mfc
../../../small_vocabulary_/datas/TITML-IDN/praat/male/m11-273.mfc
../../../small_vocabulary_/datas/TITML-IDN/praat/male/m11-274.mfc
../../../small_vocabulary_/datas/TITML-IDN/praat/male/m11-275.mfc
../../../small_vocabulary_/datas/TITML-IDN/praat/male/m11-276.mfc
../../../small_vocabulary_/datas/TITML-IDN/praat/male/m11-277.mfc
../../../small_vocabulary_/datas/TITML-IDN/praat/male/m11-278.mfc
../../../small_vocabulary_/datas/TITML-IDN/praat/male/m11-279.mfc
../../../small_vocabulary_/datas/TITML-IDN/praat/male/m11-280.mfc
../../../small_vocabulary_/datas/TITML-IDN/praat/male/m11-281.mfc
../../../small_vocabulary_/datas/TITML-IDN/praat/male/m11-282.mfc
../../../small_vocabulary_/datas/TITML-IDN/praat/male/m11-283.mfc
../../../small_vocabulary_/datas/TITML-IDN/praat/male/m11-284.mfc
../../../small_vocabulary_/datas/TITML-IDN/praat/male/m11-285.mfc
../../../small_vocabulary_/datas/TITML-IDN/praat/male/m11-286.mfc
../../../small_vocabulary_/datas/TITML-IDN/praat/male/m11-287.mfc
../../../small_vocabulary_/datas/TITML-IDN/praat/male/m11-288.mfc
../../../small_vocabulary_/datas/TITML-IDN/praat/male/m11-289.mfc
../../../small_vocabulary_/datas/TITML-IDN/praat/male/m11-290.mfc
../../../small_vocabulary_/datas/TITML-IDN/praat/male/m11-291.mfc
../../../small_vocabulary_/datas/TITML-IDN/praat/male/m11-292.mfc
../../../small_vocabulary_/datas/TITML-IDN/praat/male/m11-293.mfc
../../../small_vocabulary_/datas/TITML-IDN/praat/male/m11-294.mfc
../../../small_vocabulary_/datas/TITML-IDN/praat/male/m11-295.mfc
../../../small_vocabulary_/datas/TITML-IDN/praat/male/m11-296.mfc
../../../small_vocabulary_/datas/TITML-IDN/praat/male/m11-297.mfc
../../../small_vocabulary_/datas/TITML-IDN/praat/male/m11-298.mfc
../../../small_vocabulary_/datas/TITML-IDN/praat/male/m11-299.mfc
../../../small_vocabulary_/datas/TITML-IDN/praat/male/m11-300.mfc
../../../small_vocabulary_/datas/TITML-IDN/praat/male/m11-301.mfc
../../../small_vocabulary_/datas/TITML-IDN/praat/male/m11-302.mfc
../../../small_vocabulary_/datas/TITML-IDN/praat/male/m11-303.mfc
../../../small_vocabulary_/datas/TITML-IDN/praat/male/m11-304.mfc
../../../small_vocabulary_/datas/TITML-IDN/praat/male/m11-305.mfc
../../../small_vocabulary_/datas/TITML-IDN/praat/male/m11-306.mfc
../../../small_vocabulary_/datas/TITML-IDN/praat/male/m11-307.mfc
../../../small_vocabulary_/datas/TITML-IDN/praat/male/m11-308.mfc
../../../small_vocabulary_/datas/TITML-IDN/praat/male/m11-309.mfc
../../../small_vocabulary_/datas/TITML-IDN/praat/male/m11-310.mfc
../../../small_vocabulary_/datas/TITML-IDN/praat/male/m11-311.mfc
../../../small_vocabulary_/datas/TITML-IDN/praat/male/m11-312.mfc
../../../small_vocabulary_/datas/TITML-IDN/praat/male/m11-313.mfc
../../../small_vocabulary_/datas/TITML-IDN/praat/male/m11-314.mfc
../../../small_vocabulary_/datas/TITML-IDN/praat/male/m11-315.mfc
../../../small_vocabulary_/datas/TITML-IDN/praat/male/m11-316.mfc
../../../small_vocabulary_/datas/TITML-IDN/praat/male/m11-317.mfc
../../../small_vocabulary_/datas/TITML-IDN/praat/male/m11-318.mfc
../../../small_vocabulary_/datas/TITML-IDN/praat/male/m11-319.mfc
../../../small_vocabulary_/datas/TITML-IDN/praat/male/m11-320.mfc
../../../small_vocabulary_/datas/TITML-IDN/praat/male/m11-321.mfc
../../../small_vocabulary_/datas/TITML-IDN/praat/male/m11-322.mfc
../../../small_vocabulary_/datas/TITML-IDN/praat/male/m11-323.mfc
../../../small_vocabulary_/datas/TITML-IDN/praat/male/m11-324.mfc
../../../small_vocabulary_/datas/TITML-IDN/praat/male/m11-325.mfc
../../../small_vocabulary_/datas/TITML-IDN/praat/male/m11-326.mfc
../../../small_vocabulary_/datas/TITML-IDN/praat/male/m11-327.mfc
../../../small_vocabulary_/datas/TITML-IDN/praat/male/m11-328.mfc
../../../small_vocabulary_/datas/TITML-IDN/praat/male/m11-329.mfc
../../../small_vocabulary_/datas/TITML-IDN/praat/male/m11-330.mfc
../../../small_vocabulary_/datas/TITML-IDN/praat/male/m11-331.mfc
../../../small_vocabulary_/datas/TITML-IDN/praat/male/m11-332.mfc
../../../small_vocabulary_/datas/TITML-IDN/praat/male/m11-333.mfc
../../../small_vocabulary_/datas/TITML-IDN/praat/male/m11-334.mfc
../../../small_vocabulary_/datas/TITML-IDN/praat/male/m11-335.mfc
../../../small_vocabulary_/datas/TITML-IDN/praat/male/m11-336.mfc
../../../small_vocabulary_/datas/TITML-IDN/praat/male/m11-337.mfc
../../../small_vocabulary_/datas/TITML-IDN/praat/male/m11-338.mfc
../../../small_vocabulary_/datas/TITML-IDN/praat/male/m11-339.mfc
../../../small_vocabulary_/datas/TITML-IDN/praat/male/m11-340.mfc
../../../small_vocabulary_/datas/TITML-IDN/praat/male/m11-341.mfc
../../../small_vocabulary_/datas/TITML-IDN/praat/male/m11-342.mfc
../../../small_vocabulary_/datas/TITML-IDN/praat/male/m11-343.mfc
../../../small_vocabulary_/datas/TITML-IDN/praat/male/m10-001.mfc
../../../small_vocabulary_/datas/TITML-IDN/praat/male/m10-002.mfc
../../../small_vocabulary_/datas/TITML-IDN/praat/male/m10-003.mfc
../../../small_vocabulary_/datas/TITML-IDN/praat/male/m10-004.mfc
../../../small_vocabulary_/datas/TITML-IDN/praat/male/m10-005.mfc
../../../small_vocabulary_/datas/TITML-IDN/praat/male/m10-006.mfc
../../../small_vocabulary_/datas/TITML-IDN/praat/male/m10-007.mfc
../../../small_vocabulary_/datas/TITML-IDN/praat/male/m10-008.mfc
../../../small_vocabulary_/datas/TITML-IDN/praat/male/m10-009.mfc
../../../small_vocabulary_/datas/TITML-IDN/praat/male/m10-010.mfc
../../../small_vocabulary_/datas/TITML-IDN/praat/male/m10-011.mfc
../../../small_vocabulary_/datas/TITML-IDN/praat/male/m10-012.mfc
../../../small_vocabulary_/datas/TITML-IDN/praat/male/m10-013.mfc
../../../small_vocabulary_/datas/TITML-IDN/praat/male/m10-014.mfc
../../../small_vocabulary_/datas/TITML-IDN/praat/male/m10-015.mfc
../../../small_vocabulary_/datas/TITML-IDN/praat/male/m10-016.mfc
../../../small_vocabulary_/datas/TITML-IDN/praat/male/m10-017.mfc
../../../small_vocabulary_/datas/TITML-IDN/praat/male/m10-018.mfc
../../../small_vocabulary_/datas/TITML-IDN/praat/male/m10-019.mfc
../../../small_vocabulary_/datas/TITML-IDN/praat/male/m10-020.mfc
../../../small_vocabulary_/datas/TITML-IDN/praat/male/m10-021.mfc
../../../small_vocabulary_/datas/TITML-IDN/praat/male/m10-022.mfc
../../../small_vocabulary_/datas/TITML-IDN/praat/male/m10-023.mfc
../../../small_vocabulary_/datas/TITML-IDN/praat/male/m10-024.mfc
../../../small_vocabulary_/datas/TITML-IDN/praat/male/m10-025.mfc
../../../small_vocabulary_/datas/TITML-IDN/praat/male/m10-026.mfc
../../../small_vocabulary_/datas/TITML-IDN/praat/male/m10-027.mfc
../../../small_vocabulary_/datas/TITML-IDN/praat/male/m10-028.mfc
../../../small_vocabulary_/datas/TITML-IDN/praat/male/m10-029.mfc
../../../small_vocabulary_/datas/TITML-IDN/praat/male/m10-030.mfc
../../../small_vocabulary_/datas/TITML-IDN/praat/male/m10-031.mfc
../../../small_vocabulary_/datas/TITML-IDN/praat/male/m10-032.mfc
../../../small_vocabulary_/datas/TITML-IDN/praat/male/m10-033.mfc
../../../small_vocabulary_/datas/TITML-IDN/praat/male/m10-034.mfc
../../../small_vocabulary_/datas/TITML-IDN/praat/male/m10-035.mfc
../../../small_vocabulary_/datas/TITML-IDN/praat/male/m10-036.mfc
../../../small_vocabulary_/datas/TITML-IDN/praat/male/m10-037.mfc
../../../small_vocabulary_/datas/TITML-IDN/praat/male/m10-038.mfc
../../../small_vocabulary_/datas/TITML-IDN/praat/male/m10-039.mfc
../../../small_vocabulary_/datas/TITML-IDN/praat/male/m10-040.mfc
../../../small_vocabulary_/datas/TITML-IDN/praat/male/m10-041.mfc
../../../small_vocabulary_/datas/TITML-IDN/praat/male/m10-042.mfc
../../../small_vocabulary_/datas/TITML-IDN/praat/male/m10-043.mfc
../../../small_vocabulary_/datas/TITML-IDN/praat/male/m10-044.mfc
../../../small_vocabulary_/datas/TITML-IDN/praat/male/m10-045.mfc
../../../small_vocabulary_/datas/TITML-IDN/praat/male/m10-046.mfc
../../../small_vocabulary_/datas/TITML-IDN/praat/male/m10-047.mfc
../../../small_vocabulary_/datas/TITML-IDN/praat/male/m10-048.mfc
../../../small_vocabulary_/datas/TITML-IDN/praat/male/m10-049.mfc
../../../small_vocabulary_/datas/TITML-IDN/praat/male/m10-050.mfc
../../../small_vocabulary_/datas/TITML-IDN/praat/male/m10-051.mfc
../../../small_vocabulary_/datas/TITML-IDN/praat/male/m10-052.mfc
../../../small_vocabulary_/datas/TITML-IDN/praat/male/m10-053.mfc
../../../small_vocabulary_/datas/TITML-IDN/praat/male/m10-054.mfc
../../../small_vocabulary_/datas/TITML-IDN/praat/male/m10-055.mfc
../../../small_vocabulary_/datas/TITML-IDN/praat/male/m10-056.mfc
../../../small_vocabulary_/datas/TITML-IDN/praat/male/m10-057.mfc
../../../small_vocabulary_/datas/TITML-IDN/praat/male/m10-058.mfc
../../../small_vocabulary_/datas/TITML-IDN/praat/male/m10-059.mfc
../../../small_vocabulary_/datas/TITML-IDN/praat/male/m10-060.mfc
../../../small_vocabulary_/datas/TITML-IDN/praat/male/m10-061.mfc
../../../small_vocabulary_/datas/TITML-IDN/praat/male/m10-062.mfc
../../../small_vocabulary_/datas/TITML-IDN/praat/male/m10-063.mfc
../../../small_vocabulary_/datas/TITML-IDN/praat/male/m10-064.mfc
../../../small_vocabulary_/datas/TITML-IDN/praat/male/m10-065.mfc
../../../small_vocabulary_/datas/TITML-IDN/praat/male/m10-066.mfc
../../../small_vocabulary_/datas/TITML-IDN/praat/male/m10-067.mfc
../../../small_vocabulary_/datas/TITML-IDN/praat/male/m10-068.mfc
../../../small_vocabulary_/datas/TITML-IDN/praat/male/m10-069.mfc
../../../small_vocabulary_/datas/TITML-IDN/praat/male/m10-070.mfc
../../../small_vocabulary_/datas/TITML-IDN/praat/male/m10-071.mfc
../../../small_vocabulary_/datas/TITML-IDN/praat/male/m10-072.mfc
../../../small_vocabulary_/datas/TITML-IDN/praat/male/m10-073.mfc
../../../small_vocabulary_/datas/TITML-IDN/praat/male/m10-074.mfc
../../../small_vocabulary_/datas/TITML-IDN/praat/male/m10-075.mfc
../../../small_vocabulary_/datas/TITML-IDN/praat/male/m10-076.mfc
../../../small_vocabulary_/datas/TITML-IDN/praat/male/m10-077.mfc
../../../small_vocabulary_/datas/TITML-IDN/praat/male/m10-078.mfc
../../../small_vocabulary_/datas/TITML-IDN/praat/male/m10-079.mfc
../../../small_vocabulary_/datas/TITML-IDN/praat/male/m10-080.mfc
../../../small_vocabulary_/datas/TITML-IDN/praat/male/m10-081.mfc
../../../small_vocabulary_/datas/TITML-IDN/praat/male/m10-082.mfc
../../../small_vocabulary_/datas/TITML-IDN/praat/male/m10-083.mfc
../../../small_vocabulary_/datas/TITML-IDN/praat/male/m10-084.mfc
../../../small_vocabulary_/datas/TITML-IDN/praat/male/m10-085.mfc
../../../small_vocabulary_/datas/TITML-IDN/praat/male/m10-086.mfc
../../../small_vocabulary_/datas/TITML-IDN/praat/male/m10-087.mfc
../../../small_vocabulary_/datas/TITML-IDN/praat/male/m10-088.mfc
../../../small_vocabulary_/datas/TITML-IDN/praat/male/m10-089.mfc
../../../small_vocabulary_/datas/TITML-IDN/praat/male/m10-090.mfc
../../../small_vocabulary_/datas/TITML-IDN/praat/male/m10-091.mfc
../../../small_vocabulary_/datas/TITML-IDN/praat/male/m10-092.mfc
../../../small_vocabulary_/datas/TITML-IDN/praat/male/m10-093.mfc
../../../small_vocabulary_/datas/TITML-IDN/praat/male/m10-094.mfc
../../../small_vocabulary_/datas/TITML-IDN/praat/male/m10-095.mfc
../../../small_vocabulary_/datas/TITML-IDN/praat/male/m10-096.mfc
../../../small_vocabulary_/datas/TITML-IDN/praat/male/m10-097.mfc
../../../small_vocabulary_/datas/TITML-IDN/praat/male/m10-098.mfc
../../../small_vocabulary_/datas/TITML-IDN/praat/male/m10-099.mfc
../../../small_vocabulary_/datas/TITML-IDN/praat/male/m10-100.mfc
../../../small_vocabulary_/datas/TITML-IDN/praat/male/m10-101.mfc
../../../small_vocabulary_/datas/TITML-IDN/praat/male/m10-102.mfc
../../../small_vocabulary_/datas/TITML-IDN/praat/male/m10-103.mfc
../../../small_vocabulary_/datas/TITML-IDN/praat/male/m10-104.mfc
../../../small_vocabulary_/datas/TITML-IDN/praat/male/m10-105.mfc
../../../small_vocabulary_/datas/TITML-IDN/praat/male/m10-106.mfc
../../../small_vocabulary_/datas/TITML-IDN/praat/male/m10-107.mfc
../../../small_vocabulary_/datas/TITML-IDN/praat/male/m10-108.mfc
../../../small_vocabulary_/datas/TITML-IDN/praat/male/m10-109.mfc
../../../small_vocabulary_/datas/TITML-IDN/praat/male/m10-110.mfc
../../../small_vocabulary_/datas/TITML-IDN/praat/male/m10-111.mfc
../../../small_vocabulary_/datas/TITML-IDN/praat/male/m10-112.mfc
../../../small_vocabulary_/datas/TITML-IDN/praat/male/m10-113.mfc
../../../small_vocabulary_/datas/TITML-IDN/praat/male/m10-114.mfc
../../../small_vocabulary_/datas/TITML-IDN/praat/male/m10-115.mfc
../../../small_vocabulary_/datas/TITML-IDN/praat/male/m10-116.mfc
../../../small_vocabulary_/datas/TITML-IDN/praat/male/m10-117.mfc
../../../small_vocabulary_/datas/TITML-IDN/praat/male/m10-118.mfc
../../../small_vocabulary_/datas/TITML-IDN/praat/male/m10-119.mfc
../../../small_vocabulary_/datas/TITML-IDN/praat/male/m10-120.mfc
../../../small_vocabulary_/datas/TITML-IDN/praat/male/m10-121.mfc
../../../small_vocabulary_/datas/TITML-IDN/praat/male/m10-122.mfc
../../../small_vocabulary_/datas/TITML-IDN/praat/male/m10-123.mfc
../../../small_vocabulary_/datas/TITML-IDN/praat/male/m10-124.mfc
../../../small_vocabulary_/datas/TITML-IDN/praat/male/m10-125.mfc
../../../small_vocabulary_/datas/TITML-IDN/praat/male/m10-126.mfc
../../../small_vocabulary_/datas/TITML-IDN/praat/male/m10-127.mfc
../../../small_vocabulary_/datas/TITML-IDN/praat/male/m10-128.mfc
../../../small_vocabulary_/datas/TITML-IDN/praat/male/m10-129.mfc
../../../small_vocabulary_/datas/TITML-IDN/praat/male/m10-130.mfc
../../../small_vocabulary_/datas/TITML-IDN/praat/male/m10-131.mfc
../../../small_vocabulary_/datas/TITML-IDN/praat/male/m10-132.mfc
../../../small_vocabulary_/datas/TITML-IDN/praat/male/m10-133.mfc
../../../small_vocabulary_/datas/TITML-IDN/praat/male/m10-134.mfc
../../../small_vocabulary_/datas/TITML-IDN/praat/male/m10-135.mfc
../../../small_vocabulary_/datas/TITML-IDN/praat/male/m10-136.mfc
../../../small_vocabulary_/datas/TITML-IDN/praat/male/m10-137.mfc
../../../small_vocabulary_/datas/TITML-IDN/praat/male/m10-138.mfc
../../../small_vocabulary_/datas/TITML-IDN/praat/male/m10-139.mfc
../../../small_vocabulary_/datas/TITML-IDN/praat/male/m10-140.mfc
../../../small_vocabulary_/datas/TITML-IDN/praat/male/m10-141.mfc
../../../small_vocabulary_/datas/TITML-IDN/praat/male/m10-142.mfc
../../../small_vocabulary_/datas/TITML-IDN/praat/male/m10-143.mfc
../../../small_vocabulary_/datas/TITML-IDN/praat/male/m10-144.mfc
../../../small_vocabulary_/datas/TITML-IDN/praat/male/m10-145.mfc
../../../small_vocabulary_/datas/TITML-IDN/praat/male/m10-146.mfc
../../../small_vocabulary_/datas/TITML-IDN/praat/male/m10-147.mfc
../../../small_vocabulary_/datas/TITML-IDN/praat/male/m10-148.mfc
../../../small_vocabulary_/datas/TITML-IDN/praat/male/m10-149.mfc
../../../small_vocabulary_/datas/TITML-IDN/praat/male/m10-150.mfc
../../../small_vocabulary_/datas/TITML-IDN/praat/male/m10-151.mfc
../../../small_vocabulary_/datas/TITML-IDN/praat/male/m10-152.mfc
../../../small_vocabulary_/datas/TITML-IDN/praat/male/m10-153.mfc
../../../small_vocabulary_/datas/TITML-IDN/praat/male/m10-154.mfc
../../../small_vocabulary_/datas/TITML-IDN/praat/male/m10-155.mfc
../../../small_vocabulary_/datas/TITML-IDN/praat/male/m10-156.mfc
../../../small_vocabulary_/datas/TITML-IDN/praat/male/m10-157.mfc
../../../small_vocabulary_/datas/TITML-IDN/praat/male/m10-158.mfc
../../../small_vocabulary_/datas/TITML-IDN/praat/male/m10-159.mfc
../../../small_vocabulary_/datas/TITML-IDN/praat/male/m10-160.mfc
../../../small_vocabulary_/datas/TITML-IDN/praat/male/m10-161.mfc
../../../small_vocabulary_/datas/TITML-IDN/praat/male/m10-162.mfc
../../../small_vocabulary_/datas/TITML-IDN/praat/male/m10-163.mfc
../../../small_vocabulary_/datas/TITML-IDN/praat/male/m10-164.mfc
../../../small_vocabulary_/datas/TITML-IDN/praat/male/m10-165.mfc
../../../small_vocabulary_/datas/TITML-IDN/praat/male/m10-166.mfc
../../../small_vocabulary_/datas/TITML-IDN/praat/male/m10-167.mfc
../../../small_vocabulary_/datas/TITML-IDN/praat/male/m10-168.mfc
../../../small_vocabulary_/datas/TITML-IDN/praat/male/m10-169.mfc
../../../small_vocabulary_/datas/TITML-IDN/praat/male/m10-170.mfc
../../../small_vocabulary_/datas/TITML-IDN/praat/male/m10-171.mfc
../../../small_vocabulary_/datas/TITML-IDN/praat/male/m10-172.mfc
../../../small_vocabulary_/datas/TITML-IDN/praat/male/m10-173.mfc
../../../small_vocabulary_/datas/TITML-IDN/praat/male/m10-174.mfc
../../../small_vocabulary_/datas/TITML-IDN/praat/male/m10-175.mfc
../../../small_vocabulary_/datas/TITML-IDN/praat/male/m10-176.mfc
../../../small_vocabulary_/datas/TITML-IDN/praat/male/m10-177.mfc
../../../small_vocabulary_/datas/TITML-IDN/praat/male/m10-178.mfc
../../../small_vocabulary_/datas/TITML-IDN/praat/male/m10-179.mfc
../../../small_vocabulary_/datas/TITML-IDN/praat/male/m10-180.mfc
../../../small_vocabulary_/datas/TITML-IDN/praat/male/m10-181.mfc
../../../small_vocabulary_/datas/TITML-IDN/praat/male/m10-182.mfc
../../../small_vocabulary_/datas/TITML-IDN/praat/male/m10-183.mfc
../../../small_vocabulary_/datas/TITML-IDN/praat/male/m10-184.mfc
../../../small_vocabulary_/datas/TITML-IDN/praat/male/m10-185.mfc
../../../small_vocabulary_/datas/TITML-IDN/praat/male/m10-186.mfc
../../../small_vocabulary_/datas/TITML-IDN/praat/male/m10-187.mfc
../../../small_vocabulary_/datas/TITML-IDN/praat/male/m10-188.mfc
../../../small_vocabulary_/datas/TITML-IDN/praat/male/m10-189.mfc
../../../small_vocabulary_/datas/TITML-IDN/praat/male/m10-190.mfc
../../../small_vocabulary_/datas/TITML-IDN/praat/male/m10-191.mfc
../../../small_vocabulary_/datas/TITML-IDN/praat/male/m10-192.mfc
../../../small_vocabulary_/datas/TITML-IDN/praat/male/m10-193.mfc
../../../small_vocabulary_/datas/TITML-IDN/praat/male/m10-194.mfc
../../../small_vocabulary_/datas/TITML-IDN/praat/male/m10-195.mfc
../../../small_vocabulary_/datas/TITML-IDN/praat/male/m10-196.mfc
../../../small_vocabulary_/datas/TITML-IDN/praat/male/m10-197.mfc
../../../small_vocabulary_/datas/TITML-IDN/praat/male/m10-198.mfc
../../../small_vocabulary_/datas/TITML-IDN/praat/male/m10-199.mfc
../../../small_vocabulary_/datas/TITML-IDN/praat/male/m10-200.mfc
../../../small_vocabulary_/datas/TITML-IDN/praat/male/m10-201.mfc
../../../small_vocabulary_/datas/TITML-IDN/praat/male/m10-202.mfc
../../../small_vocabulary_/datas/TITML-IDN/praat/male/m10-203.mfc
../../../small_vocabulary_/datas/TITML-IDN/praat/male/m10-204.mfc
../../../small_vocabulary_/datas/TITML-IDN/praat/male/m10-205.mfc
../../../small_vocabulary_/datas/TITML-IDN/praat/male/m10-206.mfc
../../../small_vocabulary_/datas/TITML-IDN/praat/male/m10-207.mfc
../../../small_vocabulary_/datas/TITML-IDN/praat/male/m10-208.mfc
../../../small_vocabulary_/datas/TITML-IDN/praat/male/m10-209.mfc
../../../small_vocabulary_/datas/TITML-IDN/praat/male/m10-210.mfc
../../../small_vocabulary_/datas/TITML-IDN/praat/male/m10-211.mfc
../../../small_vocabulary_/datas/TITML-IDN/praat/male/m10-212.mfc
../../../small_vocabulary_/datas/TITML-IDN/praat/male/m10-213.mfc
../../../small_vocabulary_/datas/TITML-IDN/praat/male/m10-214.mfc
../../../small_vocabulary_/datas/TITML-IDN/praat/male/m10-215.mfc
../../../small_vocabulary_/datas/TITML-IDN/praat/male/m10-216.mfc
../../../small_vocabulary_/datas/TITML-IDN/praat/male/m10-217.mfc
../../../small_vocabulary_/datas/TITML-IDN/praat/male/m10-218.mfc
../../../small_vocabulary_/datas/TITML-IDN/praat/male/m10-219.mfc
../../../small_vocabulary_/datas/TITML-IDN/praat/male/m10-220.mfc
../../../small_vocabulary_/datas/TITML-IDN/praat/male/m10-221.mfc
../../../small_vocabulary_/datas/TITML-IDN/praat/male/m10-222.mfc
../../../small_vocabulary_/datas/TITML-IDN/praat/male/m10-223.mfc
../../../small_vocabulary_/datas/TITML-IDN/praat/male/m10-224.mfc
../../../small_vocabulary_/datas/TITML-IDN/praat/male/m10-225.mfc
../../../small_vocabulary_/datas/TITML-IDN/praat/male/m10-226.mfc
../../../small_vocabulary_/datas/TITML-IDN/praat/male/m10-227.mfc
../../../small_vocabulary_/datas/TITML-IDN/praat/male/m10-228.mfc
../../../small_vocabulary_/datas/TITML-IDN/praat/male/m10-229.mfc
../../../small_vocabulary_/datas/TITML-IDN/praat/male/m10-230.mfc
../../../small_vocabulary_/datas/TITML-IDN/praat/male/m10-231.mfc
../../../small_vocabulary_/datas/TITML-IDN/praat/male/m10-232.mfc
../../../small_vocabulary_/datas/TITML-IDN/praat/male/m10-233.mfc
../../../small_vocabulary_/datas/TITML-IDN/praat/male/m10-234.mfc
../../../small_vocabulary_/datas/TITML-IDN/praat/male/m10-235.mfc
../../../small_vocabulary_/datas/TITML-IDN/praat/male/m10-236.mfc
../../../small_vocabulary_/datas/TITML-IDN/praat/male/m10-237.mfc
../../../small_vocabulary_/datas/TITML-IDN/praat/male/m10-238.mfc
../../../small_vocabulary_/datas/TITML-IDN/praat/male/m10-239.mfc
../../../small_vocabulary_/datas/TITML-IDN/praat/male/m10-240.mfc
../../../small_vocabulary_/datas/TITML-IDN/praat/male/m10-241.mfc
../../../small_vocabulary_/datas/TITML-IDN/praat/male/m10-242.mfc
../../../small_vocabulary_/datas/TITML-IDN/praat/male/m10-243.mfc
../../../small_vocabulary_/datas/TITML-IDN/praat/male/m10-244.mfc
../../../small_vocabulary_/datas/TITML-IDN/praat/male/m10-245.mfc
../../../small_vocabulary_/datas/TITML-IDN/praat/male/m10-246.mfc
../../../small_vocabulary_/datas/TITML-IDN/praat/male/m10-247.mfc
../../../small_vocabulary_/datas/TITML-IDN/praat/male/m10-248.mfc
../../../small_vocabulary_/datas/TITML-IDN/praat/male/m10-249.mfc
../../../small_vocabulary_/datas/TITML-IDN/praat/male/m10-250.mfc
../../../small_vocabulary_/datas/TITML-IDN/praat/male/m10-251.mfc
../../../small_vocabulary_/datas/TITML-IDN/praat/male/m10-252.mfc
../../../small_vocabulary_/datas/TITML-IDN/praat/male/m10-254.mfc
../../../small_vocabulary_/datas/TITML-IDN/praat/male/m10-255.mfc
../../../small_vocabulary_/datas/TITML-IDN/praat/male/m10-256.mfc
../../../small_vocabulary_/datas/TITML-IDN/praat/male/m10-257.mfc
../../../small_vocabulary_/datas/TITML-IDN/praat/male/m10-258.mfc
../../../small_vocabulary_/datas/TITML-IDN/praat/male/m10-259.mfc
../../../small_vocabulary_/datas/TITML-IDN/praat/male/m10-260.mfc
../../../small_vocabulary_/datas/TITML-IDN/praat/male/m10-261.mfc
../../../small_vocabulary_/datas/TITML-IDN/praat/male/m10-262.mfc
../../../small_vocabulary_/datas/TITML-IDN/praat/male/m10-263.mfc
../../../small_vocabulary_/datas/TITML-IDN/praat/male/m10-264.mfc
../../../small_vocabulary_/datas/TITML-IDN/praat/male/m10-265.mfc
../../../small_vocabulary_/datas/TITML-IDN/praat/male/m10-266.mfc
../../../small_vocabulary_/datas/TITML-IDN/praat/male/m10-267.mfc
../../../small_vocabulary_/datas/TITML-IDN/praat/male/m10-268.mfc
../../../small_vocabulary_/datas/TITML-IDN/praat/male/m10-269.mfc
../../../small_vocabulary_/datas/TITML-IDN/praat/male/m10-270.mfc
../../../small_vocabulary_/datas/TITML-IDN/praat/male/m10-271.mfc
../../../small_vocabulary_/datas/TITML-IDN/praat/male/m10-272.mfc
../../../small_vocabulary_/datas/TITML-IDN/praat/male/m10-273.mfc
../../../small_vocabulary_/datas/TITML-IDN/praat/male/m10-274.mfc
../../../small_vocabulary_/datas/TITML-IDN/praat/male/m10-275.mfc
../../../small_vocabulary_/datas/TITML-IDN/praat/male/m10-276.mfc
../../../small_vocabulary_/datas/TITML-IDN/praat/male/m10-277.mfc
../../../small_vocabulary_/datas/TITML-IDN/praat/male/m10-278.mfc
../../../small_vocabulary_/datas/TITML-IDN/praat/male/m10-279.mfc
../../../small_vocabulary_/datas/TITML-IDN/praat/male/m10-280.mfc
../../../small_vocabulary_/datas/TITML-IDN/praat/male/m10-281.mfc
../../../small_vocabulary_/datas/TITML-IDN/praat/male/m10-282.mfc
../../../small_vocabulary_/datas/TITML-IDN/praat/male/m10-283.mfc
../../../small_vocabulary_/datas/TITML-IDN/praat/male/m10-284.mfc
../../../small_vocabulary_/datas/TITML-IDN/praat/male/m10-285.mfc
../../../small_vocabulary_/datas/TITML-IDN/praat/male/m10-286.mfc
../../../small_vocabulary_/datas/TITML-IDN/praat/male/m10-287.mfc
../../../small_vocabulary_/datas/TITML-IDN/praat/male/m10-288.mfc
../../../small_vocabulary_/datas/TITML-IDN/praat/male/m10-289.mfc
../../../small_vocabulary_/datas/TITML-IDN/praat/male/m10-290.mfc
../../../small_vocabulary_/datas/TITML-IDN/praat/male/m10-291.mfc
../../../small_vocabulary_/datas/TITML-IDN/praat/male/m10-292.mfc
../../../small_vocabulary_/datas/TITML-IDN/praat/male/m10-293.mfc
../../../small_vocabulary_/datas/TITML-IDN/praat/male/m10-294.mfc
../../../small_vocabulary_/datas/TITML-IDN/praat/male/m10-296.mfc
../../../small_vocabulary_/datas/TITML-IDN/praat/male/m10-297.mfc
../../../small_vocabulary_/datas/TITML-IDN/praat/male/m10-298.mfc
../../../small_vocabulary_/datas/TITML-IDN/praat/male/m10-299.mfc
../../../small_vocabulary_/datas/TITML-IDN/praat/male/m10-300.mfc
../../../small_vocabulary_/datas/TITML-IDN/praat/male/m10-301.mfc
../../../small_vocabulary_/datas/TITML-IDN/praat/male/m10-302.mfc
../../../small_vocabulary_/datas/TITML-IDN/praat/male/m10-303.mfc
../../../small_vocabulary_/datas/TITML-IDN/praat/male/m10-304.mfc
../../../small_vocabulary_/datas/TITML-IDN/praat/male/m10-305.mfc
../../../small_vocabulary_/datas/TITML-IDN/praat/male/m10-306.mfc
../../../small_vocabulary_/datas/TITML-IDN/praat/male/m10-307.mfc
../../../small_vocabulary_/datas/TITML-IDN/praat/male/m10-308.mfc
../../../small_vocabulary_/datas/TITML-IDN/praat/male/m10-309.mfc
../../../small_vocabulary_/datas/TITML-IDN/praat/male/m10-310.mfc
../../../small_vocabulary_/datas/TITML-IDN/praat/male/m10-311.mfc
../../../small_vocabulary_/datas/TITML-IDN/praat/male/m10-312.mfc
../../../small_vocabulary_/datas/TITML-IDN/praat/male/m10-313.mfc
../../../small_vocabulary_/datas/TITML-IDN/praat/male/m10-314.mfc
../../../small_vocabulary_/datas/TITML-IDN/praat/male/m10-315.mfc
../../../small_vocabulary_/datas/TITML-IDN/praat/male/m10-316.mfc
../../../small_vocabulary_/datas/TITML-IDN/praat/male/m10-317.mfc
../../../small_vocabulary_/datas/TITML-IDN/praat/male/m10-318.mfc
../../../small_vocabulary_/datas/TITML-IDN/praat/male/m10-319.mfc
../../../small_vocabulary_/datas/TITML-IDN/praat/male/m10-320.mfc
../../../small_vocabulary_/datas/TITML-IDN/praat/male/m10-321.mfc
../../../small_vocabulary_/datas/TITML-IDN/praat/male/m10-322.mfc
../../../small_vocabulary_/datas/TITML-IDN/praat/male/m10-323.mfc
../../../small_vocabulary_/datas/TITML-IDN/praat/male/m10-324.mfc
../../../small_vocabulary_/datas/TITML-IDN/praat/male/m10-325.mfc
../../../small_vocabulary_/datas/TITML-IDN/praat/male/m10-326.mfc
../../../small_vocabulary_/datas/TITML-IDN/praat/male/m10-327.mfc
../../../small_vocabulary_/datas/TITML-IDN/praat/male/m10-328.mfc
../../../small_vocabulary_/datas/TITML-IDN/praat/male/m10-329.mfc
../../../small_vocabulary_/datas/TITML-IDN/praat/male/m10-330.mfc
../../../small_vocabulary_/datas/TITML-IDN/praat/male/m10-331.mfc
../../../small_vocabulary_/datas/TITML-IDN/praat/male/m10-332.mfc
../../../small_vocabulary_/datas/TITML-IDN/praat/male/m10-333.mfc
../../../small_vocabulary_/datas/TITML-IDN/praat/male/m10-334.mfc
../../../small_vocabulary_/datas/TITML-IDN/praat/male/m10-335.mfc
../../../small_vocabulary_/datas/TITML-IDN/praat/male/m10-336.mfc
../../../small_vocabulary_/datas/TITML-IDN/praat/male/m10-337.mfc
../../../small_vocabulary_/datas/TITML-IDN/praat/male/m10-338.mfc
../../../small_vocabulary_/datas/TITML-IDN/praat/male/m10-339.mfc
../../../small_vocabulary_/datas/TITML-IDN/praat/male/m10-340.mfc
../../../small_vocabulary_/datas/TITML-IDN/praat/male/m10-341.mfc
../../../small_vocabulary_/datas/TITML-IDN/praat/male/m10-342.mfc
../../../small_vocabulary_/datas/TITML-IDN/praat/male/m10-343.mfc
