../../../small_vocabulary_/datas/v8_4475_doublefans/rep_buf_BIRU_0001.mfc
../../../small_vocabulary_/datas/v8_4475_doublefans/rep_buf_BIRU_ON_003.mfc
../../../small_vocabulary_/datas/v8_4475_doublefans/rep_buf_BIRU_ON_004.mfc
../../../small_vocabulary_/datas/v8_4475_doublefans/rep_buf_cough_001.mfc
../../../small_vocabulary_/datas/v8_4475_doublefans/rep_buf_cough_002.mfc
../../../small_vocabulary_/datas/v8_4475_doublefans/rep_buf_GR_ON_OFF_001.mfc
../../../small_vocabulary_/datas/v8_4475_doublefans/rep_buf_Mon_Apr_29_11_29_14_2019.mfc
../../../small_vocabulary_/datas/v8_4475_doublefans/rep_buf_Mon_Apr_29_11_29_35_2019.mfc
../../../small_vocabulary_/datas/v8_4475_doublefans/rep_buf_NUM_3_ON_001.mfc
../../../small_vocabulary_/datas/v8_4475_doublefans/rep_buf_NUM_4_OFF.mfc
../../../small_vocabulary_/datas/v8_4475_doublefans/rep_buf_NUM_4_OFF_002.mfc
../../../small_vocabulary_/datas/v8_4475_doublefans/rep_buf_NUM_4_OFF_003.mfc
../../../small_vocabulary_/datas/v8_4475_doublefans/rep_buf_NUM_4_OFF_004.mfc
../../../small_vocabulary_/datas/v8_4475_doublefans/rep_buf_RED_ON_001.mfc
../../../small_vocabulary_/datas/v8_4475_doublefans/rep_buf_RED_ON_002.mfc
../../../small_vocabulary_/datas/v8_4475_doublefans/rep_buf_RED_ON_003.mfc
../../../small_vocabulary_/datas/v8_4475_doublefans/rep_buf_Sat_Jun_15_14_30_39_2019.mfc
../../../small_vocabulary_/datas/v8_4475_doublefans/rep_buf_Sat_Jun_15_15_00_08_2019.mfc
../../../small_vocabulary_/datas/v8_4475_doublefans/rep_buf_Tue_Aug_20_07_07_12_2019.mfc
../../../small_vocabulary_/datas/v8_4475_doublefans/rep_buf_Tue_Aug_20_07_11_33_2019.mfc
