m09-118_t_188_196.mfc=../../../small_vocabulary_/datas/TITML-IDN/praat/male/m09-118.mfc[188,196]
m09-118_t_331_344.mfc=../../../small_vocabulary_/datas/TITML-IDN/praat/male/m09-118.mfc[331,344]
m09-118_t_433_444.mfc=../../../small_vocabulary_/datas/TITML-IDN/praat/male/m09-118.mfc[433,444]
m09-118_t_522_528.mfc=../../../small_vocabulary_/datas/TITML-IDN/praat/male/m09-118.mfc[522,528]
m09-118_t_567_575.mfc=../../../small_vocabulary_/datas/TITML-IDN/praat/male/m09-118.mfc[567,575]
m09-118_t_696_702.mfc=../../../small_vocabulary_/datas/TITML-IDN/praat/male/m09-118.mfc[696,702]
m09-001_t_107_114.mfc=../../../small_vocabulary_/datas/TITML-IDN/praat/male/m09-001.mfc[107,114]
m04-118_t_239_248.mfc=../../../small_vocabulary_/datas/TITML-IDN/praat/male/m04-118.mfc[239,248]
m04-118_t_320_327.mfc=../../../small_vocabulary_/datas/TITML-IDN/praat/male/m04-118.mfc[320,327]
m04-118_t_414_421.mfc=../../../small_vocabulary_/datas/TITML-IDN/praat/male/m04-118.mfc[414,421]
m04-118_t_457_462.mfc=../../../small_vocabulary_/datas/TITML-IDN/praat/male/m04-118.mfc[457,462]
m04-118_t_560_564.mfc=../../../small_vocabulary_/datas/TITML-IDN/praat/male/m04-118.mfc[560,564]
m04-001_t_206_212.mfc=../../../small_vocabulary_/datas/TITML-IDN/praat/male/m04-001.mfc[206,212]
m01-118_t_183_188.mfc=../../../small_vocabulary_/datas/TITML-IDN/praat/male/m01-118.mfc[183,188]
m01-118_t_320_331.mfc=../../../small_vocabulary_/datas/TITML-IDN/praat/male/m01-118.mfc[320,331]
m01-118_t_504_511.mfc=../../../small_vocabulary_/datas/TITML-IDN/praat/male/m01-118.mfc[504,511]
m01-118_t_598_607.mfc=../../../small_vocabulary_/datas/TITML-IDN/praat/male/m01-118.mfc[598,607]
m01-118_t_647_656.mfc=../../../small_vocabulary_/datas/TITML-IDN/praat/male/m01-118.mfc[647,656]
m01-118_t_770_783.mfc=../../../small_vocabulary_/datas/TITML-IDN/praat/male/m01-118.mfc[770,783]
m01-001_t_71_79.mfc=../../../small_vocabulary_/datas/TITML-IDN/praat/male/m01-001.mfc[71,79]
