m09-118_b_119_126.mfc=../../../small_vocabulary_/datas/TITML-IDN/praat/male/m09-118.mfc[119,126]
m09-118_b_555_562.mfc=../../../small_vocabulary_/datas/TITML-IDN/praat/male/m09-118.mfc[555,562]
m09-118_b_651_656.mfc=../../../small_vocabulary_/datas/TITML-IDN/praat/male/m09-118.mfc[651,656]
m09-001_b_198_206.mfc=../../../small_vocabulary_/datas/TITML-IDN/praat/male/m09-001.mfc[198,206]
m04-118_b_88_93.mfc=../../../small_vocabulary_/datas/TITML-IDN/praat/male/m04-118.mfc[88,93]
m04-118_b_446_451.mfc=../../../small_vocabulary_/datas/TITML-IDN/praat/male/m04-118.mfc[446,451]
m04-118_b_521_528.mfc=../../../small_vocabulary_/datas/TITML-IDN/praat/male/m04-118.mfc[521,528]
m04-001_b_296_304.mfc=../../../small_vocabulary_/datas/TITML-IDN/praat/male/m04-001.mfc[296,304]
m01-118_b_95_104.mfc=../../../small_vocabulary_/datas/TITML-IDN/praat/male/m01-118.mfc[95,104]
m01-118_b_635_642.mfc=../../../small_vocabulary_/datas/TITML-IDN/praat/male/m01-118.mfc[635,642]
m01-118_b_725_735.mfc=../../../small_vocabulary_/datas/TITML-IDN/praat/male/m01-118.mfc[725,735]
m01-001_b_197_204.mfc=../../../small_vocabulary_/datas/TITML-IDN/praat/male/m01-001.mfc[197,204]
