m09-118_sil_64_77.mfc=../../../small_vocabulary_/datas/TITML-IDN/praat/male/m09-118.mfc[64,77]
m09-118_sil_463_488.mfc=../../../small_vocabulary_/datas/TITML-IDN/praat/male/m09-118.mfc[463,488]
m09-118_sil_635_651.mfc=../../../small_vocabulary_/datas/TITML-IDN/praat/male/m09-118.mfc[635,651]
m09-118_sil_728_767.mfc=../../../small_vocabulary_/datas/TITML-IDN/praat/male/m09-118.mfc[728,767]
m09-001_sil_63_75.mfc=../../../small_vocabulary_/datas/TITML-IDN/praat/male/m09-001.mfc[63,75]
m09-001_sil_152_161.mfc=../../../small_vocabulary_/datas/TITML-IDN/praat/male/m09-001.mfc[152,161]
m09-001_sil_232_246.mfc=../../../small_vocabulary_/datas/TITML-IDN/praat/male/m09-001.mfc[232,246]
m04-118_sil_46_56.mfc=../../../small_vocabulary_/datas/TITML-IDN/praat/male/m04-118.mfc[46,56]
m04-118_sil_343_390.mfc=../../../small_vocabulary_/datas/TITML-IDN/praat/male/m04-118.mfc[343,390]
m04-118_sil_598_629.mfc=../../../small_vocabulary_/datas/TITML-IDN/praat/male/m04-118.mfc[598,629]
m04-001_sil_107_114.mfc=../../../small_vocabulary_/datas/TITML-IDN/praat/male/m04-001.mfc[107,114]
m04-001_sil_160_173.mfc=../../../small_vocabulary_/datas/TITML-IDN/praat/male/m04-001.mfc[160,173]
m04-001_sil_249_259.mfc=../../../small_vocabulary_/datas/TITML-IDN/praat/male/m04-001.mfc[249,259]
m04-001_sil_326_424.mfc=../../../small_vocabulary_/datas/TITML-IDN/praat/male/m04-001.mfc[326,424]
m01-118_sil_40_54.mfc=../../../small_vocabulary_/datas/TITML-IDN/praat/male/m01-118.mfc[40,54]
m01-118_sil_352_390.mfc=../../../small_vocabulary_/datas/TITML-IDN/praat/male/m01-118.mfc[352,390]
m01-118_sil_459_481.mfc=../../../small_vocabulary_/datas/TITML-IDN/praat/male/m01-118.mfc[459,481]
m01-118_sil_532_568.mfc=../../../small_vocabulary_/datas/TITML-IDN/praat/male/m01-118.mfc[532,568]
m01-118_sil_817_877.mfc=../../../small_vocabulary_/datas/TITML-IDN/praat/male/m01-118.mfc[817,877]
m01-001_sil_131_154.mfc=../../../small_vocabulary_/datas/TITML-IDN/praat/male/m01-001.mfc[131,154]
