m09-118_r_252_256.mfc=../../../small_vocabulary_/datas/TITML-IDN/praat/male/m09-118.mfc[252,256]
m09-118_r_311_317.mfc=../../../small_vocabulary_/datas/TITML-IDN/praat/male/m09-118.mfc[311,317]
m09-118_r_453_463.mfc=../../../small_vocabulary_/datas/TITML-IDN/praat/male/m09-118.mfc[453,463]
m09-118_r_549_555.mfc=../../../small_vocabulary_/datas/TITML-IDN/praat/male/m09-118.mfc[549,555]
m09-118_r_656_660.mfc=../../../small_vocabulary_/datas/TITML-IDN/praat/male/m09-118.mfc[656,660]
m09-118_r_688_696.mfc=../../../small_vocabulary_/datas/TITML-IDN/praat/male/m09-118.mfc[688,696]
m09-001_r_217_225.mfc=../../../small_vocabulary_/datas/TITML-IDN/praat/male/m09-001.mfc[217,225]
m04-118_r_223_227.mfc=../../../small_vocabulary_/datas/TITML-IDN/praat/male/m04-118.mfc[223,227]
m04-118_r_333_339.mfc=../../../small_vocabulary_/datas/TITML-IDN/praat/male/m04-118.mfc[333,339]
m04-118_r_339_343.mfc=../../../small_vocabulary_/datas/TITML-IDN/praat/male/m04-118.mfc[339,343]
m04-118_r_440_446.mfc=../../../small_vocabulary_/datas/TITML-IDN/praat/male/m04-118.mfc[440,446]
m04-118_r_492_496.mfc=../../../small_vocabulary_/datas/TITML-IDN/praat/male/m04-118.mfc[492,496]
m04-118_r_553_560.mfc=../../../small_vocabulary_/datas/TITML-IDN/praat/male/m04-118.mfc[553,560]
m04-001_r_313_326.mfc=../../../small_vocabulary_/datas/TITML-IDN/praat/male/m04-001.mfc[313,326]
m01-118_r_164_169.mfc=../../../small_vocabulary_/datas/TITML-IDN/praat/male/m01-118.mfc[164,169]
m01-118_r_240_248.mfc=../../../small_vocabulary_/datas/TITML-IDN/praat/male/m01-118.mfc[240,248]
m01-118_r_518_523.mfc=../../../small_vocabulary_/datas/TITML-IDN/praat/male/m01-118.mfc[518,523]
m01-118_r_523_532.mfc=../../../small_vocabulary_/datas/TITML-IDN/praat/male/m01-118.mfc[523,532]
m01-118_r_630_635.mfc=../../../small_vocabulary_/datas/TITML-IDN/praat/male/m01-118.mfc[630,635]
m01-118_r_690_694.mfc=../../../small_vocabulary_/datas/TITML-IDN/praat/male/m01-118.mfc[690,694]
m01-118_r_735_739.mfc=../../../small_vocabulary_/datas/TITML-IDN/praat/male/m01-118.mfc[735,739]
m01-118_r_765_770.mfc=../../../small_vocabulary_/datas/TITML-IDN/praat/male/m01-118.mfc[765,770]
m01-001_r_221_231.mfc=../../../small_vocabulary_/datas/TITML-IDN/praat/male/m01-001.mfc[221,231]
