m09-118_e_113_119.mfc=../../../small_vocabulary_/datas/TITML-IDN/praat/male/m09-118.mfc[113,119]
m09-118_e_225_237.mfc=../../../small_vocabulary_/datas/TITML-IDN/praat/male/m09-118.mfc[225,237]
m09-118_e_387_395.mfc=../../../small_vocabulary_/datas/TITML-IDN/praat/male/m09-118.mfc[387,395]
m09-118_e_395_405.mfc=../../../small_vocabulary_/datas/TITML-IDN/praat/male/m09-118.mfc[395,405]
m09-118_e_444_453.mfc=../../../small_vocabulary_/datas/TITML-IDN/praat/male/m09-118.mfc[444,453]
m09-118_e_503_511.mfc=../../../small_vocabulary_/datas/TITML-IDN/praat/male/m09-118.mfc[503,511]
m09-118_e_534_538.mfc=../../../small_vocabulary_/datas/TITML-IDN/praat/male/m09-118.mfc[534,538]
m09-118_e_544_549.mfc=../../../small_vocabulary_/datas/TITML-IDN/praat/male/m09-118.mfc[544,549]
m04-118_e_82_88.mfc=../../../small_vocabulary_/datas/TITML-IDN/praat/male/m04-118.mfc[82,88]
m04-118_e_173_182.mfc=../../../small_vocabulary_/datas/TITML-IDN/praat/male/m04-118.mfc[173,182]
m04-118_e_282_290.mfc=../../../small_vocabulary_/datas/TITML-IDN/praat/male/m04-118.mfc[282,290]
m04-118_e_290_299.mfc=../../../small_vocabulary_/datas/TITML-IDN/praat/male/m04-118.mfc[290,299]
m04-118_e_327_333.mfc=../../../small_vocabulary_/datas/TITML-IDN/praat/male/m04-118.mfc[327,333]
m04-118_e_394_401.mfc=../../../small_vocabulary_/datas/TITML-IDN/praat/male/m04-118.mfc[394,401]
m04-118_e_425_430.mfc=../../../small_vocabulary_/datas/TITML-IDN/praat/male/m04-118.mfc[425,430]
m04-118_e_436_440.mfc=../../../small_vocabulary_/datas/TITML-IDN/praat/male/m04-118.mfc[436,440]
m01-118_e_88_95.mfc=../../../small_vocabulary_/datas/TITML-IDN/praat/male/m01-118.mfc[88,95]
m01-118_e_104_111.mfc=../../../small_vocabulary_/datas/TITML-IDN/praat/male/m01-118.mfc[104,111]
m01-118_e_225_234.mfc=../../../small_vocabulary_/datas/TITML-IDN/praat/male/m01-118.mfc[225,234]
m01-118_e_424_433.mfc=../../../small_vocabulary_/datas/TITML-IDN/praat/male/m01-118.mfc[424,433]
m01-118_e_433_447.mfc=../../../small_vocabulary_/datas/TITML-IDN/praat/male/m01-118.mfc[433,447]
m01-118_e_511_518.mfc=../../../small_vocabulary_/datas/TITML-IDN/praat/male/m01-118.mfc[511,518]
m01-118_e_576_583.mfc=../../../small_vocabulary_/datas/TITML-IDN/praat/male/m01-118.mfc[576,583]
m01-118_e_614_619.mfc=../../../small_vocabulary_/datas/TITML-IDN/praat/male/m01-118.mfc[614,619]
m01-118_e_625_630.mfc=../../../small_vocabulary_/datas/TITML-IDN/praat/male/m01-118.mfc[625,630]
