m09-118_o_211_218.mfc=../../../small_vocabulary_/datas/TITML-IDN/praat/male/m09-118.mfc[211,218]
m09-118_o_256_267.mfc=../../../small_vocabulary_/datas/TITML-IDN/praat/male/m09-118.mfc[256,267]
m09-118_o_283_294.mfc=../../../small_vocabulary_/datas/TITML-IDN/praat/male/m09-118.mfc[283,294]
m09-118_o_344_357.mfc=../../../small_vocabulary_/datas/TITML-IDN/praat/male/m09-118.mfc[344,357]
m09-118_o_660_671.mfc=../../../small_vocabulary_/datas/TITML-IDN/praat/male/m09-118.mfc[660,671]
m04-118_o_160_167.mfc=../../../small_vocabulary_/datas/TITML-IDN/praat/male/m04-118.mfc[160,167]
m04-118_o_188_195.mfc=../../../small_vocabulary_/datas/TITML-IDN/praat/male/m04-118.mfc[188,195]
m04-118_o_203_211.mfc=../../../small_vocabulary_/datas/TITML-IDN/praat/male/m04-118.mfc[203,211]
m04-118_o_248_258.mfc=../../../small_vocabulary_/datas/TITML-IDN/praat/male/m04-118.mfc[248,258]
m04-118_o_531_539.mfc=../../../small_vocabulary_/datas/TITML-IDN/praat/male/m04-118.mfc[531,539]
m01-118_o_206_216.mfc=../../../small_vocabulary_/datas/TITML-IDN/praat/male/m01-118.mfc[206,216]
m01-118_o_248_258.mfc=../../../small_vocabulary_/datas/TITML-IDN/praat/male/m01-118.mfc[248,258]
m01-118_o_274_290.mfc=../../../small_vocabulary_/datas/TITML-IDN/praat/male/m01-118.mfc[274,290]
m01-118_o_331_352.mfc=../../../small_vocabulary_/datas/TITML-IDN/praat/male/m01-118.mfc[331,352]
m01-118_o_739_748.mfc=../../../small_vocabulary_/datas/TITML-IDN/praat/male/m01-118.mfc[739,748]
