../../../small_vocabulary_/datas/digit_rec_x240_v8_n01_level0/rep_buf_Fri_Feb_22_04_23_27_2019.mfc
../../../small_vocabulary_/datas/digit_rec_x240_v8_n01_level0/rep_buf_Fri_Feb_22_04_23_53_2019.mfc
../../../small_vocabulary_/datas/digit_rec_x240_v8_n01_level0/rep_buf_Fri_Feb_22_04_24_14_2019.mfc
../../../small_vocabulary_/datas/digit_rec_x240_v8_n01_level0/rep_buf_Fri_Feb_22_04_24_36_2019.mfc
../../../small_vocabulary_/datas/digit_rec_x240_v8_n01_level0/rep_buf_Fri_Feb_22_04_24_50_2019.mfc
../../../small_vocabulary_/datas/digit_rec_x240_v8_n01_level0/rep_buf_Fri_Feb_22_04_25_03_2019.mfc
../../../small_vocabulary_/datas/digit_rec_x240_v8_n01_level0/rep_buf_Fri_Feb_22_04_25_17_2019.mfc
../../../small_vocabulary_/datas/digit_rec_x240_v8_n01_level0/rep_buf_Fri_Feb_22_04_25_44_2019.mfc
../../../small_vocabulary_/datas/digit_rec_x240_v8_n01_level0/rep_buf_Fri_Feb_22_04_26_04_2019.mfc
../../../small_vocabulary_/datas/digit_rec_x240_v8_n01_level0/rep_buf_Fri_Feb_22_04_26_37_2019.mfc
../../../small_vocabulary_/datas/digit_rec_x240_v8_n01_level0/rep_buf_Fri_Feb_22_11_43_30_2019.mfc
../../../small_vocabulary_/datas/digit_rec_x240_v8_n01_level0/rep_buf_Mon_Feb_18_13_07_35_2019.mfc
../../../small_vocabulary_/datas/digit_rec_x240_v8_n01_level0/rep_buf_Mon_Feb_18_15_29_20_2019.mfc
../../../small_vocabulary_/datas/digit_rec_x240_v8_n01_level0/rep_buf_Mon_Feb_18_15_29_34_2019.mfc
../../../small_vocabulary_/datas/digit_rec_x240_v8_n01_level0/rep_buf_Mon_Feb_18_15_29_48_2019.mfc
../../../small_vocabulary_/datas/digit_rec_x240_v8_n01_level0/rep_buf_Sat_Feb_09_21_05_44_2019.mfc
../../../small_vocabulary_/datas/digit_rec_x240_v8_n01_level0/rep_buf_Sat_Feb_09_21_06_15_2019.mfc
../../../small_vocabulary_/datas/digit_rec_x240_v8_n01_level0/rep_buf_Sat_Feb_09_21_27_23_2019.mfc
../../../small_vocabulary_/datas/digit_rec_x240_v8_n01_level0/rep_buf_Sat_Feb_09_21_27_34_2019.mfc
../../../small_vocabulary_/datas/digit_rec_x240_v8_n01_level0/rep_buf_Sat_Feb_09_21_28_00_2019.mfc
../../../small_vocabulary_/datas/digit_rec_x240_v8_n01_level0/rep_buf_Sat_Feb_09_21_30_02_2019.mfc
../../../small_vocabulary_/datas/digit_rec_x240_v8_n01_level0/rep_buf_Sat_Feb_09_21_30_27_2019.mfc
../../../small_vocabulary_/datas/digit_rec_x240_v8_n01_level0/rep_buf_Sat_Feb_09_21_30_44_2019.mfc
../../../small_vocabulary_/datas/digit_rec_x240_v8_n01_level0/rep_buf_Sat_Feb_09_21_31_04_2019.mfc
../../../small_vocabulary_/datas/digit_rec_x240_v8_n01_level0/rep_buf_Sat_Feb_23_09_43_47_2019.mfc
../../../small_vocabulary_/datas/digit_rec_x240_v8_n01_level0/rep_buf_Sat_Feb_23_10_08_29_2019.mfc
../../../small_vocabulary_/datas/digit_rec_x240_v8_n01_level0/rep_buf_Sun_Feb_10_19_32_32_2019.mfc
../../../small_vocabulary_/datas/digit_rec_x240_v8_n01_level0/rep_buf_Sun_Feb_10_19_32_50_2019.mfc
../../../small_vocabulary_/datas/digit_rec_x240_v8_n01_level0/rep_buf_Sun_Feb_10_19_33_05_2019.mfc
../../../small_vocabulary_/datas/digit_rec_x240_v8_n01_level0/rep_buf_Sun_Feb_10_19_33_22_2019.mfc
../../../small_vocabulary_/datas/digit_rec_x240_v8_n01_level0/rep_buf_Sun_Feb_10_19_33_34_2019.mfc
../../../small_vocabulary_/datas/digit_rec_x240_v8_n01_level0/rep_buf_Sun_Feb_10_19_33_46_2019.mfc
../../../small_vocabulary_/datas/digit_rec_x240_v8_n01_level0/rep_buf_Thu_Feb_21_11_21_05_2019.mfc
../../../small_vocabulary_/datas/digit_rec_x240_v8_n01_level0/rep_buf_Thu_Feb_21_11_21_53_2019.mfc
../../../small_vocabulary_/datas/digit_rec_x240_v8_n01_level0/rep_buf_Thu_Feb_21_11_22_49_2019.mfc
../../../small_vocabulary_/datas/digit_rec_x240_v8_n01_level0/rep_buf_Thu_Feb_21_11_23_18_2019.mfc
../../../small_vocabulary_/datas/digit_rec_x240_v8_n01_level0/rep_buf_Tue_Feb_19_07_17_27_2019.mfc
../../../small_vocabulary_/datas/digit_rec_x240_v8_n01_level0/rep_buf_Tue_Feb_19_07_17_53_2019.mfc
../../../small_vocabulary_/datas/digit_rec_x240_v8_n01_level0/rep_buf_Tue_Feb_19_07_18_34_2019.mfc
../../../small_vocabulary_/datas/digit_rec_x240_v8_n01_level0/rep_buf_Tue_Feb_19_08_08_42_2019.mfc
../../../small_vocabulary_/datas/digit_rec_x240_v8_n01_level0/rep_buf_Tue_Feb_19_08_09_36_2019.mfc
../../../small_vocabulary_/datas/digit_rec_x240_v8_n01_level0/rep_buf_Tue_Feb_19_08_20_49_2019.mfc
../../../small_vocabulary_/datas/digit_rec_x240_v8_n01_level0/rep_buf_Tue_Feb_19_08_29_57_2019.mfc
../../../small_vocabulary_/datas/digit_rec_x240_v8_n01_level0/rep_buf_Tue_Feb_19_08_30_15_2019.mfc
../../../small_vocabulary_/datas/digit_rec_x240_v8_n01_level0/rep_buf_Tue_Feb_19_08_30_37_2019.mfc
../../../small_vocabulary_/datas/digit_rec_x240_v8_n01_level0/rep_buf_Tue_Feb_19_09_37_33_2019.mfc
../../../small_vocabulary_/datas/digit_rec_x240_v8_n01_level0/rep_buf_Tue_Feb_19_09_37_48_2019.mfc
../../../small_vocabulary_/datas/digit_rec_x240_v8_n01_level0/rep_buf_Tue_Feb_19_09_38_04_2019.mfc
../../../small_vocabulary_/datas/digit_rec_x240_v8_n01_level0/rep_buf_Tue_Feb_19_09_39_32_2019.mfc
