../../../small_vocabulary_/datas/digit_rec_x240_v8/NUM_1_iso_001.wav	../../../small_vocabulary_/datas/digit_rec_x240_v8/NUM_1_iso_001.mfc
../../../small_vocabulary_/datas/digit_rec_x240_v8/NUM_2_iso_001.wav	../../../small_vocabulary_/datas/digit_rec_x240_v8/NUM_2_iso_001.mfc
../../../small_vocabulary_/datas/digit_rec_x240_v8/NUM_3_iso_001.wav	../../../small_vocabulary_/datas/digit_rec_x240_v8/NUM_3_iso_001.mfc
../../../small_vocabulary_/datas/digit_rec_x240_v8/NUM_4_iso_001.wav	../../../small_vocabulary_/datas/digit_rec_x240_v8/NUM_4_iso_001.mfc
../../../small_vocabulary_/datas/digit_rec_x240_v8/NUM_5_iso_001.wav	../../../small_vocabulary_/datas/digit_rec_x240_v8/NUM_5_iso_001.mfc
../../../small_vocabulary_/datas/digit_rec_x240_v8/NUM_6_iso_001.wav	../../../small_vocabulary_/datas/digit_rec_x240_v8/NUM_6_iso_001.mfc
../../../small_vocabulary_/datas/digit_rec_x240_v8/NUM_7_iso_001.wav	../../../small_vocabulary_/datas/digit_rec_x240_v8/NUM_7_iso_001.mfc
../../../small_vocabulary_/datas/digit_rec_x240_v8/NUM_8_iso_001.wav	../../../small_vocabulary_/datas/digit_rec_x240_v8/NUM_8_iso_001.mfc
../../../small_vocabulary_/datas/digit_rec_x240_v8/NUM_9_iso_001.wav	../../../small_vocabulary_/datas/digit_rec_x240_v8/NUM_9_iso_001.mfc
../../../small_vocabulary_/datas/digit_rec_x240_v8/NUM_10_iso_001.wav	../../../small_vocabulary_/datas/digit_rec_x240_v8/NUM_10_iso_001.mfc
