../../../small_vocabulary_/datas/digit_rec_x240_v8_n01_level0/rep_buf_Wed_Feb_13_06_08_26_2019.wav	../../../small_vocabulary_/datas/digit_rec_x240_v8_n01_level0/rep_buf_Wed_Feb_13_06_08_26_2019.mfc
../../../small_vocabulary_/datas/digit_rec_x240_v8_n01_level0/rep_buf_Tue_Feb_12_11_49_38_2019.wav	../../../small_vocabulary_/datas/digit_rec_x240_v8_n01_level0/rep_buf_Tue_Feb_12_11_49_38_2019.mfc
../../../small_vocabulary_/datas/digit_rec_x240_v8_n01_level0/rep_buf_Tue_Feb_12_11_49_26_2019.wav	../../../small_vocabulary_/datas/digit_rec_x240_v8_n01_level0/rep_buf_Tue_Feb_12_11_49_26_2019.mfc
../../../small_vocabulary_/datas/digit_rec_x240_v8_n01_level0/rep_buf_Tue_Feb_12_11_49_13_2019.wav	../../../small_vocabulary_/datas/digit_rec_x240_v8_n01_level0/rep_buf_Tue_Feb_12_11_49_13_2019.mfc
../../../small_vocabulary_/datas/digit_rec_x240_v8_n01_level0/rep_buf_Tue_Feb_12_11_49_00_2019.wav	../../../small_vocabulary_/datas/digit_rec_x240_v8_n01_level0/rep_buf_Tue_Feb_12_11_49_00_2019.mfc
../../../small_vocabulary_/datas/digit_rec_x240_v8_n01_level0/rep_buf_Tue_Feb_12_11_48_49_2019.wav	../../../small_vocabulary_/datas/digit_rec_x240_v8_n01_level0/rep_buf_Tue_Feb_12_11_48_49_2019.mfc
../../../small_vocabulary_/datas/digit_rec_x240_v8_n01_level0/rep_buf_Tue_Feb_12_11_48_14_2019.wav	../../../small_vocabulary_/datas/digit_rec_x240_v8_n01_level0/rep_buf_Tue_Feb_12_11_48_14_2019.mfc
../../../small_vocabulary_/datas/digit_rec_x240_v8_n01_level0/rep_buf_Tue_Feb_12_11_48_10_2019.wav	../../../small_vocabulary_/datas/digit_rec_x240_v8_n01_level0/rep_buf_Tue_Feb_12_11_48_10_2019.mfc
../../../small_vocabulary_/datas/digit_rec_x240_v8_n01_level0/rep_buf_Tue_Feb_12_11_24_28_2019.wav	../../../small_vocabulary_/datas/digit_rec_x240_v8_n01_level0/rep_buf_Tue_Feb_12_11_24_28_2019.mfc
../../../small_vocabulary_/datas/digit_rec_x240_v8_n01_level0/rep_buf_Tue_Feb_12_11_24_19_2019.wav	../../../small_vocabulary_/datas/digit_rec_x240_v8_n01_level0/rep_buf_Tue_Feb_12_11_24_19_2019.mfc
../../../small_vocabulary_/datas/digit_rec_x240_v8_n01_level0/rep_buf_Tue_Feb_12_11_24_11_2019.wav	../../../small_vocabulary_/datas/digit_rec_x240_v8_n01_level0/rep_buf_Tue_Feb_12_11_24_11_2019.mfc
../../../small_vocabulary_/datas/digit_rec_x240_v8_n01_level0/rep_buf_Tue_Feb_12_11_24_01_2019.wav	../../../small_vocabulary_/datas/digit_rec_x240_v8_n01_level0/rep_buf_Tue_Feb_12_11_24_01_2019.mfc
../../../small_vocabulary_/datas/digit_rec_x240_v8_n01_level0/rep_buf_Tue_Feb_12_11_23_51_2019.wav	../../../small_vocabulary_/datas/digit_rec_x240_v8_n01_level0/rep_buf_Tue_Feb_12_11_23_51_2019.mfc
../../../small_vocabulary_/datas/digit_rec_x240_v8_n01_level0/rep_buf_Tue_Feb_12_11_23_40_2019.wav	../../../small_vocabulary_/datas/digit_rec_x240_v8_n01_level0/rep_buf_Tue_Feb_12_11_23_40_2019.mfc
../../../small_vocabulary_/datas/digit_rec_x240_v8_n01_level0/rep_buf_Tue_Feb_12_11_06_30_2019.wav	../../../small_vocabulary_/datas/digit_rec_x240_v8_n01_level0/rep_buf_Tue_Feb_12_11_06_30_2019.mfc
../../../small_vocabulary_/datas/digit_rec_x240_v8_n01_level0/rep_buf_Tue_Feb_12_11_06_21_2019.wav	../../../small_vocabulary_/datas/digit_rec_x240_v8_n01_level0/rep_buf_Tue_Feb_12_11_06_21_2019.mfc
../../../small_vocabulary_/datas/digit_rec_x240_v8_n01_level0/rep_buf_Tue_Feb_12_11_05_41_2019.wav	../../../small_vocabulary_/datas/digit_rec_x240_v8_n01_level0/rep_buf_Tue_Feb_12_11_05_41_2019.mfc
../../../small_vocabulary_/datas/digit_rec_x240_v8_n01_level0/rep_buf_Tue_Feb_12_09_20_55_2019.wav	../../../small_vocabulary_/datas/digit_rec_x240_v8_n01_level0/rep_buf_Tue_Feb_12_09_20_55_2019.mfc
../../../small_vocabulary_/datas/digit_rec_x240_v8_n01_level0/rep_buf_Tue_Feb_12_09_20_50_2019.wav	../../../small_vocabulary_/datas/digit_rec_x240_v8_n01_level0/rep_buf_Tue_Feb_12_09_20_50_2019.mfc
../../../small_vocabulary_/datas/digit_rec_x240_v8_n01_level0/rep_buf_Tue_Feb_12_09_20_44_2019.wav	../../../small_vocabulary_/datas/digit_rec_x240_v8_n01_level0/rep_buf_Tue_Feb_12_09_20_44_2019.mfc
../../../small_vocabulary_/datas/digit_rec_x240_v8_n01_level0/rep_buf_Tue_Feb_12_09_20_37_2019.wav	../../../small_vocabulary_/datas/digit_rec_x240_v8_n01_level0/rep_buf_Tue_Feb_12_09_20_37_2019.mfc
../../../small_vocabulary_/datas/digit_rec_x240_v8_n01_level0/rep_buf_Tue_Feb_12_09_20_31_2019.wav	../../../small_vocabulary_/datas/digit_rec_x240_v8_n01_level0/rep_buf_Tue_Feb_12_09_20_31_2019.mfc
../../../small_vocabulary_/datas/digit_rec_x240_v8_n01_level0/rep_buf_Tue_Feb_12_09_20_10_2019.wav	../../../small_vocabulary_/datas/digit_rec_x240_v8_n01_level0/rep_buf_Tue_Feb_12_09_20_10_2019.mfc
../../../small_vocabulary_/datas/digit_rec_x240_v8_n01_level0/rep_buf_Tue_Feb_12_09_19_57_2019.wav	../../../small_vocabulary_/datas/digit_rec_x240_v8_n01_level0/rep_buf_Tue_Feb_12_09_19_57_2019.mfc
../../../small_vocabulary_/datas/digit_rec_x240_v8_n01_level0/rep_buf_Sun_Feb_10_19_37_28_2019.wav	../../../small_vocabulary_/datas/digit_rec_x240_v8_n01_level0/rep_buf_Sun_Feb_10_19_37_28_2019.mfc
../../../small_vocabulary_/datas/digit_rec_x240_v8_n01_level0/rep_buf_Sun_Feb_10_19_37_09_2019.wav	../../../small_vocabulary_/datas/digit_rec_x240_v8_n01_level0/rep_buf_Sun_Feb_10_19_37_09_2019.mfc
../../../small_vocabulary_/datas/digit_rec_x240_v8_n01_level0/rep_buf_Sun_Feb_10_19_36_44_2019.wav	../../../small_vocabulary_/datas/digit_rec_x240_v8_n01_level0/rep_buf_Sun_Feb_10_19_36_44_2019.mfc
../../../small_vocabulary_/datas/digit_rec_x240_v8_n01_level0/rep_buf_Sun_Feb_10_19_35_51_2019.wav	../../../small_vocabulary_/datas/digit_rec_x240_v8_n01_level0/rep_buf_Sun_Feb_10_19_35_51_2019.mfc
../../../small_vocabulary_/datas/digit_rec_x240_v8_n01_level0/rep_buf_Sun_Feb_10_19_35_24_2019.wav	../../../small_vocabulary_/datas/digit_rec_x240_v8_n01_level0/rep_buf_Sun_Feb_10_19_35_24_2019.mfc
../../../small_vocabulary_/datas/digit_rec_x240_v8_n01_level0/rep_buf_Sun_Feb_10_19_34_45_2019.wav	../../../small_vocabulary_/datas/digit_rec_x240_v8_n01_level0/rep_buf_Sun_Feb_10_19_34_45_2019.mfc
../../../small_vocabulary_/datas/digit_rec_x240_v8_n01_level0/rep_buf_Sun_Feb_10_19_34_29_2019.wav	../../../small_vocabulary_/datas/digit_rec_x240_v8_n01_level0/rep_buf_Sun_Feb_10_19_34_29_2019.mfc
../../../small_vocabulary_/datas/digit_rec_x240_v8_n01_level0/rep_buf_Sun_Feb_10_19_34_06_2019.wav	../../../small_vocabulary_/datas/digit_rec_x240_v8_n01_level0/rep_buf_Sun_Feb_10_19_34_06_2019.mfc
../../../small_vocabulary_/datas/digit_rec_x240_v8_n01_level0/rep_buf_Sun_Feb_10_19_33_46_2019.wav	../../../small_vocabulary_/datas/digit_rec_x240_v8_n01_level0/rep_buf_Sun_Feb_10_19_33_46_2019.mfc
../../../small_vocabulary_/datas/digit_rec_x240_v8_n01_level0/rep_buf_Sun_Feb_10_19_33_34_2019.wav	../../../small_vocabulary_/datas/digit_rec_x240_v8_n01_level0/rep_buf_Sun_Feb_10_19_33_34_2019.mfc
../../../small_vocabulary_/datas/digit_rec_x240_v8_n01_level0/rep_buf_Sun_Feb_10_19_33_22_2019.wav	../../../small_vocabulary_/datas/digit_rec_x240_v8_n01_level0/rep_buf_Sun_Feb_10_19_33_22_2019.mfc
../../../small_vocabulary_/datas/digit_rec_x240_v8_n01_level0/rep_buf_Sun_Feb_10_19_33_05_2019.wav	../../../small_vocabulary_/datas/digit_rec_x240_v8_n01_level0/rep_buf_Sun_Feb_10_19_33_05_2019.mfc
../../../small_vocabulary_/datas/digit_rec_x240_v8_n01_level0/rep_buf_Sun_Feb_10_19_32_50_2019.wav	../../../small_vocabulary_/datas/digit_rec_x240_v8_n01_level0/rep_buf_Sun_Feb_10_19_32_50_2019.mfc
../../../small_vocabulary_/datas/digit_rec_x240_v8_n01_level0/rep_buf_Sun_Feb_10_19_32_32_2019.wav	../../../small_vocabulary_/datas/digit_rec_x240_v8_n01_level0/rep_buf_Sun_Feb_10_19_32_32_2019.mfc
../../../small_vocabulary_/datas/digit_rec_x240_v8_n01_level0/rep_buf_Sat_Feb_09_21_31_04_2019.wav	../../../small_vocabulary_/datas/digit_rec_x240_v8_n01_level0/rep_buf_Sat_Feb_09_21_31_04_2019.mfc
../../../small_vocabulary_/datas/digit_rec_x240_v8_n01_level0/rep_buf_Sat_Feb_09_21_30_44_2019.wav	../../../small_vocabulary_/datas/digit_rec_x240_v8_n01_level0/rep_buf_Sat_Feb_09_21_30_44_2019.mfc
../../../small_vocabulary_/datas/digit_rec_x240_v8_n01_level0/rep_buf_Sat_Feb_09_21_30_27_2019.wav	../../../small_vocabulary_/datas/digit_rec_x240_v8_n01_level0/rep_buf_Sat_Feb_09_21_30_27_2019.mfc
../../../small_vocabulary_/datas/digit_rec_x240_v8_n01_level0/rep_buf_Sat_Feb_09_21_30_02_2019.wav	../../../small_vocabulary_/datas/digit_rec_x240_v8_n01_level0/rep_buf_Sat_Feb_09_21_30_02_2019.mfc
../../../small_vocabulary_/datas/digit_rec_x240_v8_n01_level0/rep_buf_Sat_Feb_09_21_28_00_2019.wav	../../../small_vocabulary_/datas/digit_rec_x240_v8_n01_level0/rep_buf_Sat_Feb_09_21_28_00_2019.mfc
../../../small_vocabulary_/datas/digit_rec_x240_v8_n01_level0/rep_buf_Sat_Feb_09_21_27_34_2019.wav	../../../small_vocabulary_/datas/digit_rec_x240_v8_n01_level0/rep_buf_Sat_Feb_09_21_27_34_2019.mfc
../../../small_vocabulary_/datas/digit_rec_x240_v8_n01_level0/rep_buf_Sat_Feb_09_21_27_23_2019.wav	../../../small_vocabulary_/datas/digit_rec_x240_v8_n01_level0/rep_buf_Sat_Feb_09_21_27_23_2019.mfc
../../../small_vocabulary_/datas/digit_rec_x240_v8_n01_level0/rep_buf_Sat_Feb_09_21_06_15_2019.wav	../../../small_vocabulary_/datas/digit_rec_x240_v8_n01_level0/rep_buf_Sat_Feb_09_21_06_15_2019.mfc
../../../small_vocabulary_/datas/digit_rec_x240_v8_n01_level0/rep_buf_Sat_Feb_09_21_05_44_2019.wav	../../../small_vocabulary_/datas/digit_rec_x240_v8_n01_level0/rep_buf_Sat_Feb_09_21_05_44_2019.mfc
../../../small_vocabulary_/datas/digit_rec_x240_v8_n01_level0/rep_buf_Mon_Feb_11_14_57_34_2019.wav	../../../small_vocabulary_/datas/digit_rec_x240_v8_n01_level0/rep_buf_Mon_Feb_11_14_57_34_2019.mfc
../../../small_vocabulary_/datas/digit_rec_x240_v8_n01_level0/rep_buf_Mon_Feb_11_13_42_03_2019.wav	../../../small_vocabulary_/datas/digit_rec_x240_v8_n01_level0/rep_buf_Mon_Feb_11_13_42_03_2019.mfc
../../../small_vocabulary_/datas/digit_rec_x240_v8_n01_level0/rep_buf_Mon_Feb_11_13_41_43_2019.wav	../../../small_vocabulary_/datas/digit_rec_x240_v8_n01_level0/rep_buf_Mon_Feb_11_13_41_43_2019.mfc
../../../small_vocabulary_/datas/digit_rec_x240_v8_n01_level0/rep_buf_Mon_Feb_11_10_57_45_2019.wav	../../../small_vocabulary_/datas/digit_rec_x240_v8_n01_level0/rep_buf_Mon_Feb_11_10_57_45_2019.mfc
../../../small_vocabulary_/datas/digit_rec_x240_v8_n01_level0/rep_buf_Mon_Feb_11_10_57_34_2019.wav	../../../small_vocabulary_/datas/digit_rec_x240_v8_n01_level0/rep_buf_Mon_Feb_11_10_57_34_2019.mfc
../../../small_vocabulary_/datas/digit_rec_x240_v8_n01_level0/rep_buf_Mon_Feb_11_10_57_22_2019.wav	../../../small_vocabulary_/datas/digit_rec_x240_v8_n01_level0/rep_buf_Mon_Feb_11_10_57_22_2019.mfc
../../../small_vocabulary_/datas/digit_rec_x240_v8_n01_level0/rep_buf_Mon_Feb_11_10_27_54_2019.wav	../../../small_vocabulary_/datas/digit_rec_x240_v8_n01_level0/rep_buf_Mon_Feb_11_10_27_54_2019.mfc
../../../small_vocabulary_/datas/digit_rec_x240_v8_n01_level0/rep_buf_Mon_Feb_11_10_27_51_2019.wav	../../../small_vocabulary_/datas/digit_rec_x240_v8_n01_level0/rep_buf_Mon_Feb_11_10_27_51_2019.mfc
../../../small_vocabulary_/datas/digit_rec_x240_v8_n01_level0/rep_buf_Mon_Feb_11_10_27_46_2019.wav	../../../small_vocabulary_/datas/digit_rec_x240_v8_n01_level0/rep_buf_Mon_Feb_11_10_27_46_2019.mfc
